#
# There is insufficient memory for the Java Runtime Environment to continue.
# Native memory allocation (malloc) failed to allocate 395136 bytes. Error detail: Chunk::new
# Possible reasons:
#   The system is out of physical RAM or swap space
#   This process is running with CompressedOops enabled, and the Java Heap may be blocking the growth of the native heap
# Possible solutions:
#   Reduce memory load on the system
#   Increase physical memory or swap space
#   Check if swap backing store is full
#   Decrease Java heap size (-Xmx/-Xms)
#   Decrease number of Java threads
#   Decrease Java thread stack sizes (-Xss)
#   Set larger code cache with -XX:ReservedCodeCacheSize=
#   JVM is running with Unscaled Compressed Oops mode in which the Java heap is
#     placed in the first 4GB address space. The Java Heap base address is the
#     maximum limit for the native heap growth. Please use -XX:HeapBaseMinAddress
#     to set the Java Heap base and to place the Java Heap above 4GB virtual address.
# This output file may be truncated or incomplete.
#
#  Out of Memory Error (arena.cpp:168), pid=19208, tid=9480
#
# JRE version: OpenJDK Runtime Environment Temurin-21.0.9+10 (21.0.9+10) (build 21.0.9+10-LTS)
# Java VM: OpenJDK 64-Bit Server VM Temurin-21.0.9+10 (21.0.9+10-LTS, mixed mode, sharing, tiered, compressed oops, compressed class ptrs, parallel gc, windows-amd64)
# No core dump will be written. Minidumps are not enabled by default on client versions of Windows
#

---------------  S U M M A R Y ------------

Command Line: --add-modules=ALL-SYSTEM --add-opens=java.base/java.util=ALL-UNNAMED --add-opens=java.base/java.lang=ALL-UNNAMED --add-opens=java.base/sun.nio.fs=ALL-UNNAMED -Declipse.application=org.eclipse.jdt.ls.core.id1 -Dosgi.bundles.defaultStartLevel=4 -Declipse.product=org.eclipse.jdt.ls.core.product -Djava.import.generatesMetadataFilesAtProjectRoot=false -DDetectVMInstallationsJob.disabled=true -Dfile.encoding=utf8 -XX:+UseParallelGC -XX:GCTimeRatio=4 -XX:AdaptiveSizePolicyWeight=90 -Dsun.zip.disableMemoryMapping=true -Xmx2G -Xms100m -Xlog:disable -javaagent:c:\Users\Rakesh\.antigravity\extensions\redhat.java-1.51.0-win32-x64\lombok\lombok-1.18.39-4050.jar -XX:+HeapDumpOnOutOfMemoryError -XX:HeapDumpPath=c:\Users\Rakesh\AppData\Roaming\Antigravity\User\workspaceStorage\77720677bbb9ed3629d86e9bacb9b2db\redhat.java -Daether.dependencyCollector.impl=bf c:\Users\Rakesh\.antigravity\extensions\redhat.java-1.51.0-win32-x64\server\plugins\org.eclipse.equinox.launcher_1.7.100.v20251111-0406.jar -configuration c:\Users\Rakesh\AppData\Roaming\Antigravity\User\globalStorage\redhat.java\1.51.0\config_win -data c:\Users\Rakesh\AppData\Roaming\Antigravity\User\workspaceStorage\77720677bbb9ed3629d86e9bacb9b2db\redhat.java\jdt_ws --pipe=\\.\pipe\lsp-a9dc9335d018293d908d84c67132c057-sock

Host: AMD Ryzen 7 7435HS                             , 16 cores, 15G,  Windows 11 , 64 bit Build 26100 (10.0.26100.7623)
Time: Sun Jan 25 15:00:19 2026 India Standard Time elapsed time: 311.507591 seconds (0d 0h 5m 11s)

---------------  T H R E A D  ---------------

Current thread (0x000001f8d0808510):  JavaThread "C2 CompilerThread0" daemon [_thread_in_native, id=9480, stack(0x000000ceabc00000,0x000000ceabd00000) (1024K)]


Current CompileTask:
C2:311507 8877 %     4       java.io.DataOutputStream::writeUTF @ 165 (389 bytes)

Stack: [0x000000ceabc00000,0x000000ceabd00000]
Native frames: (J=compiled Java code, j=interpreted, Vv=VM code, C=native code)
V  [jvm.dll+0x6d6e29]
V  [jvm.dll+0x8b4b76]
V  [jvm.dll+0x8b712e]
V  [jvm.dll+0x8b7813]
V  [jvm.dll+0x283d86]
V  [jvm.dll+0xc66ed]
V  [jvm.dll+0xc6c31]
V  [jvm.dll+0x2facee]
V  [jvm.dll+0x5fde44]
V  [jvm.dll+0x255557]
V  [jvm.dll+0x25591d]
V  [jvm.dll+0x24df40]
V  [jvm.dll+0x24b482]
V  [jvm.dll+0x1cb13e]
V  [jvm.dll+0x25b29d]
V  [jvm.dll+0x25982a]
V  [jvm.dll+0x3f7ea6]
V  [jvm.dll+0x85e9ad]
V  [jvm.dll+0x6d565d]
C  [ucrtbase.dll+0x37b0]
C  [KERNEL32.DLL+0x2e8d7]
C  [ntdll.dll+0x8c53c]


---------------  P R O C E S S  ---------------

Threads class SMR info:
_java_thread_list=0x000001f8f852daa0, length=54, elements={
0x000001f8d074d110, 0x000001f8e8eadc00, 0x000001f8d07f42f0, 0x000001f8d07f6b50,
0x000001f8d07f9ab0, 0x000001f8d07fd0f0, 0x000001f8d0805190, 0x000001f8d0808510,
0x000001f8d080a460, 0x000001f8ea56fec0, 0x000001f8ea5bd130, 0x000001f8f0577670,
0x000001f8f0719730, 0x000001f8f0710330, 0x000001f8f070e8f0, 0x000001f8f070ceb0,
0x000001f8f070e260, 0x000001f8f070ef80, 0x000001f8f070f610, 0x000001f8f070fca0,
0x000001f8f070d540, 0x000001f8f2aad910, 0x000001f8f2aae630, 0x000001f8f2aacbf0,
0x000001f8f2aadfa0, 0x000001f8f2aabed0, 0x000001f8f2aac560, 0x000001f8f2aab1b0,
0x000001f8f2aaecc0, 0x000001f8f2aab840, 0x000001f8f2ab1420, 0x000001f8f2ab0070,
0x000001f8f2aaf9e0, 0x000001f8f2ab0700, 0x000001f8f2ab0d90, 0x000001f8f2ab1ab0,
0x000001f8f2ab2140, 0x000001f8f2ab27d0, 0x000001f8f2aaf350, 0x000001f8f32c9f50,
0x000001f8f32ca5e0, 0x000001f8f32c8ba0, 0x000001f8f32cac70, 0x000001f8f32c7e80,
0x000001f8f32ce0f0, 0x000001f8f32cd3d0, 0x000001f8f32cb990, 0x000001f8f32cee10,
0x000001f8f32cf4a0, 0x000001f8f32cc020, 0x000001f8f6ef9580, 0x000001f8f6ef8860,
0x000001f8f6ef7b40, 0x000001f8f6efa930
}

Java Threads: ( => current thread )
  0x000001f8d074d110 JavaThread "main"                              [_thread_blocked, id=3364, stack(0x000000ceab200000,0x000000ceab300000) (1024K)]
  0x000001f8e8eadc00 JavaThread "Reference Handler"          daemon [_thread_blocked, id=7560, stack(0x000000ceab600000,0x000000ceab700000) (1024K)]
  0x000001f8d07f42f0 JavaThread "Finalizer"                  daemon [_thread_blocked, id=25388, stack(0x000000ceab700000,0x000000ceab800000) (1024K)]
  0x000001f8d07f6b50 JavaThread "Signal Dispatcher"          daemon [_thread_blocked, id=6552, stack(0x000000ceab800000,0x000000ceab900000) (1024K)]
  0x000001f8d07f9ab0 JavaThread "Attach Listener"            daemon [_thread_blocked, id=17572, stack(0x000000ceab900000,0x000000ceaba00000) (1024K)]
  0x000001f8d07fd0f0 JavaThread "Service Thread"             daemon [_thread_blocked, id=19380, stack(0x000000ceaba00000,0x000000ceabb00000) (1024K)]
  0x000001f8d0805190 JavaThread "Monitor Deflation Thread"   daemon [_thread_blocked, id=12644, stack(0x000000ceabb00000,0x000000ceabc00000) (1024K)]
=>0x000001f8d0808510 JavaThread "C2 CompilerThread0"         daemon [_thread_in_native, id=9480, stack(0x000000ceabc00000,0x000000ceabd00000) (1024K)]
  0x000001f8d080a460 JavaThread "C1 CompilerThread0"         daemon [_thread_blocked, id=25856, stack(0x000000ceabd00000,0x000000ceabe00000) (1024K)]
  0x000001f8ea56fec0 JavaThread "Common-Cleaner"             daemon [_thread_blocked, id=12068, stack(0x000000ceac100000,0x000000ceac200000) (1024K)]
  0x000001f8ea5bd130 JavaThread "Notification Thread"        daemon [_thread_blocked, id=8472, stack(0x000000ceac300000,0x000000ceac400000) (1024K)]
  0x000001f8f0577670 JavaThread "Active Thread: Equinox Container: f567f770-67d3-4ec1-9b78-a0f018e2870f"        [_thread_blocked, id=14744, stack(0x000000ceacc00000,0x000000ceacd00000) (1024K)]
  0x000001f8f0719730 JavaThread "Refresh Thread: Equinox Container: f567f770-67d3-4ec1-9b78-a0f018e2870f" daemon [_thread_blocked, id=14684, stack(0x000000ceace00000,0x000000ceacf00000) (1024K)]
  0x000001f8f0710330 JavaThread "Framework Event Dispatcher: Equinox Container: f567f770-67d3-4ec1-9b78-a0f018e2870f" daemon [_thread_blocked, id=25788, stack(0x000000ceacf00000,0x000000cead000000) (1024K)]
  0x000001f8f070e8f0 JavaThread "Start Level: Equinox Container: f567f770-67d3-4ec1-9b78-a0f018e2870f" daemon [_thread_blocked, id=11036, stack(0x000000cead000000,0x000000cead100000) (1024K)]
  0x000001f8f070ceb0 JavaThread "Bundle File Closer"         daemon [_thread_blocked, id=11788, stack(0x000000cead400000,0x000000cead500000) (1024K)]
  0x000001f8f070e260 JavaThread "SCR Component Actor"        daemon [_thread_blocked, id=3724, stack(0x000000ceacb00000,0x000000ceacc00000) (1024K)]
  0x000001f8f070ef80 JavaThread "Worker-JM"                         [_thread_blocked, id=17372, stack(0x000000cead500000,0x000000cead600000) (1024K)]
  0x000001f8f070f610 JavaThread "JNA Cleaner"                daemon [_thread_blocked, id=7324, stack(0x000000cead700000,0x000000cead800000) (1024K)]
  0x000001f8f070fca0 JavaThread "Worker-0"                          [_thread_blocked, id=6564, stack(0x000000cead800000,0x000000cead900000) (1024K)]
  0x000001f8f070d540 JavaThread "Worker-1"                          [_thread_blocked, id=8672, stack(0x000000cead900000,0x000000ceada00000) (1024K)]
  0x000001f8f2aad910 JavaThread "Java indexing"              daemon [_thread_blocked, id=10124, stack(0x000000ceadc00000,0x000000ceadd00000) (1024K)]
  0x000001f8f2aae630 JavaThread "Thread-1"                   daemon [_thread_in_native, id=3204, stack(0x000000ceae100000,0x000000ceae200000) (1024K)]
  0x000001f8f2aacbf0 JavaThread "Thread-2"                   daemon [_thread_in_native, id=6404, stack(0x000000ceae200000,0x000000ceae300000) (1024K)]
  0x000001f8f2aadfa0 JavaThread "Thread-3"                   daemon [_thread_in_native, id=8556, stack(0x000000ceae300000,0x000000ceae400000) (1024K)]
  0x000001f8f2aabed0 JavaThread "Thread-4"                   daemon [_thread_in_native, id=3592, stack(0x000000ceae400000,0x000000ceae500000) (1024K)]
  0x000001f8f2aac560 JavaThread "Thread-5"                   daemon [_thread_in_native, id=17056, stack(0x000000ceae500000,0x000000ceae600000) (1024K)]
  0x000001f8f2aab1b0 JavaThread "Thread-6"                   daemon [_thread_in_native, id=8464, stack(0x000000ceae600000,0x000000ceae700000) (1024K)]
  0x000001f8f2aaecc0 JavaThread "Thread-7"                   daemon [_thread_in_native, id=16904, stack(0x000000ceae700000,0x000000ceae800000) (1024K)]
  0x000001f8f2aab840 JavaThread "Thread-8"                   daemon [_thread_in_native, id=3388, stack(0x000000ceae800000,0x000000ceae900000) (1024K)]
  0x000001f8f2ab1420 JavaThread "Thread-9"                   daemon [_thread_in_native, id=12188, stack(0x000000ceae900000,0x000000ceaea00000) (1024K)]
  0x000001f8f2ab0070 JavaThread "Thread-10"                  daemon [_thread_in_native, id=24880, stack(0x000000ceaea00000,0x000000ceaeb00000) (1024K)]
  0x000001f8f2aaf9e0 JavaThread "Thread-11"                  daemon [_thread_in_native, id=23172, stack(0x000000ceaeb00000,0x000000ceaec00000) (1024K)]
  0x000001f8f2ab0700 JavaThread "Thread-12"                  daemon [_thread_in_native, id=11792, stack(0x000000ceaec00000,0x000000ceaed00000) (1024K)]
  0x000001f8f2ab0d90 JavaThread "Thread-13"                  daemon [_thread_in_native, id=5632, stack(0x000000ceaed00000,0x000000ceaee00000) (1024K)]
  0x000001f8f2ab1ab0 JavaThread "Thread-14"                  daemon [_thread_in_native, id=6860, stack(0x000000ceaee00000,0x000000ceaef00000) (1024K)]
  0x000001f8f2ab2140 JavaThread "Thread-15"                  daemon [_thread_in_native, id=18424, stack(0x000000ceaef00000,0x000000ceaf000000) (1024K)]
  0x000001f8f2ab27d0 JavaThread "Thread-16"                  daemon [_thread_in_native, id=1828, stack(0x000000ceaf000000,0x000000ceaf100000) (1024K)]
  0x000001f8f2aaf350 JavaThread "Thread-17"                  daemon [_thread_in_native, id=24948, stack(0x000000ceaf100000,0x000000ceaf200000) (1024K)]
  0x000001f8f32c9f50 JavaThread "pool-2-thread-1"                   [_thread_blocked, id=2040, stack(0x000000ceaf200000,0x000000ceaf300000) (1024K)]
  0x000001f8f32ca5e0 JavaThread "Timer-0"                           [_thread_blocked, id=6256, stack(0x000000ceaf800000,0x000000ceaf900000) (1024K)]
  0x000001f8f32c8ba0 JavaThread "Timer-1"                           [_thread_blocked, id=22380, stack(0x000000ceaf900000,0x000000ceafa00000) (1024K)]
  0x000001f8f32cac70 JavaThread "WorkspaceEventsHandler"            [_thread_blocked, id=24908, stack(0x000000ceafb00000,0x000000ceafc00000) (1024K)]
  0x000001f8f32c7e80 JavaThread "pool-1-thread-1"                   [_thread_blocked, id=616, stack(0x000000ceafc00000,0x000000ceafd00000) (1024K)]
  0x000001f8f32ce0f0 JavaThread "Timer-2"                           [_thread_blocked, id=17340, stack(0x000000ceafd00000,0x000000ceafe00000) (1024K)]
  0x000001f8f32cd3d0 JavaThread "Timer-3"                           [_thread_blocked, id=6240, stack(0x000000ceadf00000,0x000000ceae000000) (1024K)]
  0x000001f8f32cb990 JavaThread "Timer-4"                           [_thread_blocked, id=2660, stack(0x000000ceaf300000,0x000000ceaf400000) (1024K)]
  0x000001f8f32cee10 JavaThread "Timer-5"                           [_thread_blocked, id=7096, stack(0x000000ceaf500000,0x000000ceaf600000) (1024K)]
  0x000001f8f32cf4a0 JavaThread "Timer-6"                           [_thread_blocked, id=5244, stack(0x000000ceaf600000,0x000000ceaf700000) (1024K)]
  0x000001f8f32cc020 JavaThread "Timer-7"                           [_thread_blocked, id=25776, stack(0x000000ceaf700000,0x000000ceaf800000) (1024K)]
  0x000001f8f6ef9580 JavaThread "Timer-8"                           [_thread_blocked, id=25396, stack(0x000000ceafe00000,0x000000ceaff00000) (1024K)]
  0x000001f8f6ef8860 JavaThread "Timer-9"                           [_thread_blocked, id=15588, stack(0x000000ceb0200000,0x000000ceb0300000) (1024K)]
  0x000001f8f6ef7b40 JavaThread "Timer-10"                          [_thread_blocked, id=3208, stack(0x000000ceabf00000,0x000000ceac000000) (1024K)]
  0x000001f8f6efa930 JavaThread "Timer-11"                          [_thread_blocked, id=18140, stack(0x000000ceac000000,0x000000ceac100000) (1024K)]
Total: 54

Other Threads:
  0x000001f8e8e91dd0 VMThread "VM Thread"                           [id=22400, stack(0x000000ceab500000,0x000000ceab600000) (1024K)]
  0x000001f8e8d8ca00 WatcherThread "VM Periodic Task Thread"        [id=11516, stack(0x000000ceab400000,0x000000ceab500000) (1024K)]
  0x000001f8d076b840 WorkerThread "GC Thread#0"                     [id=17380, stack(0x000000ceab300000,0x000000ceab400000) (1024K)]
  0x000001f8f02af000 WorkerThread "GC Thread#1"                     [id=26208, stack(0x000000ceac500000,0x000000ceac600000) (1024K)]
  0x000001f8f05fb1b0 WorkerThread "GC Thread#2"                     [id=1492, stack(0x000000ceac600000,0x000000ceac700000) (1024K)]
  0x000001f8f05fb550 WorkerThread "GC Thread#3"                     [id=20348, stack(0x000000ceac700000,0x000000ceac800000) (1024K)]
  0x000001f8f05fb8f0 WorkerThread "GC Thread#4"                     [id=11040, stack(0x000000ceac800000,0x000000ceac900000) (1024K)]
  0x000001f8f05fbc90 WorkerThread "GC Thread#5"                     [id=22000, stack(0x000000ceac900000,0x000000ceaca00000) (1024K)]
  0x000001f8f05fc030 WorkerThread "GC Thread#6"                     [id=12972, stack(0x000000ceaca00000,0x000000ceacb00000) (1024K)]
  0x000001f8f09ba9c0 WorkerThread "GC Thread#7"                     [id=25580, stack(0x000000ceacd00000,0x000000ceace00000) (1024K)]
  0x000001f8f0920cb0 WorkerThread "GC Thread#8"                     [id=26420, stack(0x000000cead100000,0x000000cead200000) (1024K)]
  0x000001f8f0920570 WorkerThread "GC Thread#9"                     [id=5836, stack(0x000000cead200000,0x000000cead300000) (1024K)]
  0x000001f8f0921790 WorkerThread "GC Thread#10"                    [id=3344, stack(0x000000cead300000,0x000000cead400000) (1024K)]
  0x000001f8f0921b30 WorkerThread "GC Thread#11"                    [id=22960, stack(0x000000ceac400000,0x000000ceac500000) (1024K)]
  0x000001f8f09213f0 WorkerThread "GC Thread#12"                    [id=22948, stack(0x000000cead600000,0x000000cead700000) (1024K)]
Total: 15

Threads with active compile tasks:
C2 CompilerThread0  311530 8877 %     4       java.io.DataOutputStream::writeUTF @ 165 (389 bytes)
Total: 1

VM state: not at safepoint (normal execution)

VM Mutex/Monitor currently owned by a thread: None

Heap address: 0x0000000080000000, size: 2048 MB, Compressed Oops mode: 32-bit

CDS archive(s) mapped at: [0x000001f880000000-0x000001f880ba0000-0x000001f880ba0000), size 12189696, SharedBaseAddress: 0x000001f880000000, ArchiveRelocationMode: 1.
Compressed class space mapped at: 0x000001f881000000-0x000001f8c1000000, reserved size: 1073741824
Narrow klass base: 0x000001f880000000, Narrow klass shift: 0, Narrow klass range: 0x100000000

GC Precious Log:
 CardTable entry size: 512
 CPUs: 16 total, 16 available
 Memory: 16202M
 Large Page Support: Disabled
 NUMA Support: Disabled
 Compressed Oops: Enabled (32-bit)
 Alignments: Space 512K, Generation 512K, Heap 2M
 Heap Min Capacity: 100M
 Heap Initial Capacity: 100M
 Heap Max Capacity: 2G
 Pre-touch: Disabled
 Parallel Workers: 13

Heap:
 PSYoungGen      total 19968K, used 7486K [0x00000000d5580000, 0x00000000d6a00000, 0x0000000100000000)
  eden space 18944K, 34% used [0x00000000d5580000,0x00000000d5bf76b8,0x00000000d6800000)
  from space 1024K, 84% used [0x00000000d6900000,0x00000000d69d82b0,0x00000000d6a00000)
  to   space 1024K, 0% used [0x00000000d6800000,0x00000000d6800000,0x00000000d6900000)
 ParOldGen       total 68608K, used 43526K [0x0000000080000000, 0x0000000084300000, 0x00000000d5580000)
  object space 68608K, 63% used [0x0000000080000000,0x0000000082a81a20,0x0000000084300000)
 Metaspace       used 65884K, committed 67392K, reserved 1114112K
  class space    used 8348K, committed 9024K, reserved 1048576K

Card table byte_map: [0x000001f8e41f0000,0x000001f8e4600000] _byte_map_base: 0x000001f8e3df0000

Marking Bits: (ParMarkBitMap*) 0x00007fffa3d62460
 Begin Bits: [0x000001f8e48b0000, 0x000001f8e68b0000)
 End Bits:   [0x000001f8e68b0000, 0x000001f8e88b0000)

Polling page: 0x000001f8d0490000

Metaspace:

Usage:
  Non-class:     56.19 MB used.
      Class:      8.15 MB used.
       Both:     64.34 MB used.

Virtual space:
  Non-class space:       64.00 MB reserved,      57.00 MB ( 89%) committed,  1 nodes.
      Class space:        1.00 GB reserved,       8.81 MB ( <1%) committed,  1 nodes.
             Both:        1.06 GB reserved,      65.81 MB (  6%) committed. 

Chunk freelists:
   Non-Class:  6.70 MB
       Class:  7.02 MB
        Both:  13.72 MB

MaxMetaspaceSize: unlimited
CompressedClassSpaceSize: 1.00 GB
Initial GC threshold: 21.00 MB
Current GC threshold: 97.31 MB
CDS: on
 - commit_granule_bytes: 65536.
 - commit_granule_words: 8192.
 - virtual_space_node_default_size: 8388608.
 - enlarge_chunks_in_place: 1.
 - use_allocation_guard: 0.


Internal statistics:

num_allocs_failed_limit: 9.
num_arena_births: 1322.
num_arena_deaths: 14.
num_vsnodes_births: 2.
num_vsnodes_deaths: 0.
num_space_committed: 1053.
num_space_uncommitted: 0.
num_chunks_returned_to_freelist: 23.
num_chunks_taken_from_freelist: 4416.
num_chunk_merges: 14.
num_chunk_splits: 2726.
num_chunks_enlarged: 1500.
num_inconsistent_stats: 0.

CodeHeap 'non-profiled nmethods': size=119168Kb used=6100Kb max_used=6100Kb free=113067Kb
 bounds [0x000001f8dcbb0000, 0x000001f8dd1b0000, 0x000001f8e4010000]
CodeHeap 'profiled nmethods': size=119104Kb used=16631Kb max_used=16631Kb free=102472Kb
 bounds [0x000001f8d5010000, 0x000001f8d6050000, 0x000001f8dc460000]
CodeHeap 'non-nmethods': size=7488Kb used=1397Kb max_used=3148Kb free=6090Kb
 bounds [0x000001f8dc460000, 0x000001f8dc780000, 0x000001f8dcbb0000]
CodeCache: size=245760Kb, used=24128Kb, max_used=25879Kb, free=221629Kb
 total_blobs=8818, nmethods=8121, adapters=603, full_count=0
Compilation: enabled, stopped_count=0, restarted_count=0

Compilation events (20 events):
Event: 309.488 Thread 0x000001f8d080a460 nmethod 8875 0x000001f8dd1a3490 code [0x000001f8dd1a3620, 0x000001f8dd1a36e8]
Event: 309.488 Thread 0x000001f8d0808510 8876       4       java.io.DataOutputStream::writeByte (14 bytes)
Event: 309.491 Thread 0x000001f8d080a460 8880  s    3       java.lang.invoke.MethodTypeForm::setCachedLambdaForm (44 bytes)
Event: 309.491 Thread 0x000001f8d080a460 nmethod 8880 0x000001f8d6046210 code [0x000001f8d6046420, 0x000001f8d6046ca8]
Event: 309.493 Thread 0x000001f8d0808510 nmethod 8876 0x000001f8dd1a3d90 code [0x000001f8dd1a3fe0, 0x000001f8dd1a4618]
Event: 309.493 Thread 0x000001f8d0808510 8877 %     4       java.io.DataOutputStream::writeUTF @ 165 (389 bytes)
Event: 309.498 Thread 0x000001f8d080a460 8881       3       org.eclipse.core.internal.resources.Resource::exists (18 bytes)
Event: 309.499 Thread 0x000001f8d080a460 nmethod 8881 0x000001f8d6046f90 code [0x000001f8d6047160, 0x000001f8d60476d8]
Event: 309.501 Thread 0x000001f8d080a460 8882       3       java.lang.StringBuffer::<init> (7 bytes)
Event: 309.501 Thread 0x000001f8d080a460 nmethod 8882 0x000001f8d6047890 code [0x000001f8d6047a40, 0x000001f8d6047b80]
Event: 309.501 Thread 0x000001f8d080a460 8883       3       sun.nio.cs.StreamEncoder::growByteBufferIfNeeded (59 bytes)
Event: 309.501 Thread 0x000001f8d080a460 nmethod 8883 0x000001f8d6047c10 code [0x000001f8d6047e00, 0x000001f8d60481e8]
Event: 309.501 Thread 0x000001f8d080a460 8884       3       sun.nio.cs.StreamEncoder::writeBytes (139 bytes)
Event: 309.502 Thread 0x000001f8d080a460 nmethod 8884 0x000001f8d6048410 code [0x000001f8d6048680, 0x000001f8d6049020]
Event: 309.503 Thread 0x000001f8d080a460 8885       3       org.eclipse.osgi.internal.log.EquinoxLogWriter::appendPaddedInt (76 bytes)
Event: 309.504 Thread 0x000001f8d080a460 nmethod 8885 0x000001f8d6049390 code [0x000001f8d6049600, 0x000001f8d6049c30]
Event: 309.654 Thread 0x000001f8d080a460 8886       3       java.lang.invoke.LambdaForm$MH/0x000001f88101fc00::invoke (110 bytes)
Event: 309.654 Thread 0x000001f8d080a460 nmethod 8886 0x000001f8d6049f10 code [0x000001f8d604a160, 0x000001f8d604af58]
Event: 309.654 Thread 0x000001f8d080a460 8887       3       java.lang.invoke.LambdaForm$MH/0x000001f88101f400::invoke (46 bytes)
Event: 311.506 Thread 0x000001f8d080a460 nmethod 8887 0x000001f8d604b290 code [0x000001f8d604b480, 0x000001f8d604ba90]

GC Heap History (20 events):
Event: 10.873 GC heap before
{Heap before GC invocations=42 (full 3):
 PSYoungGen      total 20480K, used 19875K [0x00000000d5580000, 0x00000000d6b00000, 0x0000000100000000)
  eden space 18944K, 100% used [0x00000000d5580000,0x00000000d6800000,0x00000000d6800000)
  from space 1536K, 60% used [0x00000000d6980000,0x00000000d6a68fd0,0x00000000d6b00000)
  to   space 1536K, 0% used [0x00000000d6800000,0x00000000d6800000,0x00000000d6980000)
 ParOldGen       total 68608K, used 40298K [0x0000000080000000, 0x0000000084300000, 0x00000000d5580000)
  object space 68608K, 58% used [0x0000000080000000,0x000000008275ab78,0x0000000084300000)
 Metaspace       used 60068K, committed 61440K, reserved 1114112K
  class space    used 7584K, committed 8192K, reserved 1048576K
}
Event: 10.873 GC heap after
{Heap after GC invocations=42 (full 3):
 PSYoungGen      total 19968K, used 528K [0x00000000d5580000, 0x00000000d6a00000, 0x0000000100000000)
  eden space 18944K, 0% used [0x00000000d5580000,0x00000000d5580000,0x00000000d6800000)
  from space 1024K, 51% used [0x00000000d6800000,0x00000000d6884248,0x00000000d6900000)
  to   space 1024K, 0% used [0x00000000d6900000,0x00000000d6900000,0x00000000d6a00000)
 ParOldGen       total 68608K, used 40338K [0x0000000080000000, 0x0000000084300000, 0x00000000d5580000)
  object space 68608K, 58% used [0x0000000080000000,0x0000000082764b78,0x0000000084300000)
 Metaspace       used 60068K, committed 61440K, reserved 1114112K
  class space    used 7584K, committed 8192K, reserved 1048576K
}
Event: 10.983 GC heap before
{Heap before GC invocations=43 (full 3):
 PSYoungGen      total 19968K, used 19472K [0x00000000d5580000, 0x00000000d6a00000, 0x0000000100000000)
  eden space 18944K, 100% used [0x00000000d5580000,0x00000000d6800000,0x00000000d6800000)
  from space 1024K, 51% used [0x00000000d6800000,0x00000000d6884248,0x00000000d6900000)
  to   space 1024K, 0% used [0x00000000d6900000,0x00000000d6900000,0x00000000d6a00000)
 ParOldGen       total 68608K, used 40338K [0x0000000080000000, 0x0000000084300000, 0x00000000d5580000)
  object space 68608K, 58% used [0x0000000080000000,0x0000000082764b78,0x0000000084300000)
 Metaspace       used 60068K, committed 61440K, reserved 1114112K
  class space    used 7584K, committed 8192K, reserved 1048576K
}
Event: 10.983 GC heap after
{Heap after GC invocations=43 (full 3):
 PSYoungGen      total 19456K, used 288K [0x00000000d5580000, 0x00000000d6980000, 0x0000000100000000)
  eden space 18944K, 0% used [0x00000000d5580000,0x00000000d5580000,0x00000000d6800000)
  from space 512K, 56% used [0x00000000d6900000,0x00000000d6948000,0x00000000d6980000)
  to   space 512K, 0% used [0x00000000d6880000,0x00000000d6880000,0x00000000d6900000)
 ParOldGen       total 68608K, used 40378K [0x0000000080000000, 0x0000000084300000, 0x00000000d5580000)
  object space 68608K, 58% used [0x0000000080000000,0x000000008276eb78,0x0000000084300000)
 Metaspace       used 60068K, committed 61440K, reserved 1114112K
  class space    used 7584K, committed 8192K, reserved 1048576K
}
Event: 11.077 GC heap before
{Heap before GC invocations=44 (full 3):
 PSYoungGen      total 19456K, used 19232K [0x00000000d5580000, 0x00000000d6980000, 0x0000000100000000)
  eden space 18944K, 100% used [0x00000000d5580000,0x00000000d6800000,0x00000000d6800000)
  from space 512K, 56% used [0x00000000d6900000,0x00000000d6948000,0x00000000d6980000)
  to   space 512K, 0% used [0x00000000d6880000,0x00000000d6880000,0x00000000d6900000)
 ParOldGen       total 68608K, used 40378K [0x0000000080000000, 0x0000000084300000, 0x00000000d5580000)
  object space 68608K, 58% used [0x0000000080000000,0x000000008276eb78,0x0000000084300000)
 Metaspace       used 60068K, committed 61440K, reserved 1114112K
  class space    used 7584K, committed 8192K, reserved 1048576K
}
Event: 11.078 GC heap after
{Heap after GC invocations=44 (full 3):
 PSYoungGen      total 19456K, used 496K [0x00000000d5580000, 0x00000000d6a00000, 0x0000000100000000)
  eden space 18944K, 0% used [0x00000000d5580000,0x00000000d5580000,0x00000000d6800000)
  from space 512K, 96% used [0x00000000d6880000,0x00000000d68fc0d0,0x00000000d6900000)
  to   space 1024K, 0% used [0x00000000d6900000,0x00000000d6900000,0x00000000d6a00000)
 ParOldGen       total 68608K, used 40550K [0x0000000080000000, 0x0000000084300000, 0x00000000d5580000)
  object space 68608K, 59% used [0x0000000080000000,0x0000000082799878,0x0000000084300000)
 Metaspace       used 60068K, committed 61440K, reserved 1114112K
  class space    used 7584K, committed 8192K, reserved 1048576K
}
Event: 11.341 GC heap before
{Heap before GC invocations=45 (full 3):
 PSYoungGen      total 19456K, used 19440K [0x00000000d5580000, 0x00000000d6a00000, 0x0000000100000000)
  eden space 18944K, 100% used [0x00000000d5580000,0x00000000d6800000,0x00000000d6800000)
  from space 512K, 96% used [0x00000000d6880000,0x00000000d68fc0d0,0x00000000d6900000)
  to   space 1024K, 0% used [0x00000000d6900000,0x00000000d6900000,0x00000000d6a00000)
 ParOldGen       total 68608K, used 40550K [0x0000000080000000, 0x0000000084300000, 0x00000000d5580000)
  object space 68608K, 59% used [0x0000000080000000,0x0000000082799878,0x0000000084300000)
 Metaspace       used 61866K, committed 63296K, reserved 1114112K
  class space    used 7870K, committed 8512K, reserved 1048576K
}
Event: 11.342 GC heap after
{Heap after GC invocations=45 (full 3):
 PSYoungGen      total 19968K, used 832K [0x00000000d5580000, 0x00000000d6a00000, 0x0000000100000000)
  eden space 18944K, 0% used [0x00000000d5580000,0x00000000d5580000,0x00000000d6800000)
  from space 1024K, 81% used [0x00000000d6900000,0x00000000d69d0000,0x00000000d6a00000)
  to   space 1024K, 0% used [0x00000000d6800000,0x00000000d6800000,0x00000000d6900000)
 ParOldGen       total 68608K, used 40614K [0x0000000080000000, 0x0000000084300000, 0x00000000d5580000)
  object space 68608K, 59% used [0x0000000080000000,0x00000000827a9888,0x0000000084300000)
 Metaspace       used 61866K, committed 63296K, reserved 1114112K
  class space    used 7870K, committed 8512K, reserved 1048576K
}
Event: 11.957 GC heap before
{Heap before GC invocations=46 (full 3):
 PSYoungGen      total 19968K, used 19776K [0x00000000d5580000, 0x00000000d6a00000, 0x0000000100000000)
  eden space 18944K, 100% used [0x00000000d5580000,0x00000000d6800000,0x00000000d6800000)
  from space 1024K, 81% used [0x00000000d6900000,0x00000000d69d0000,0x00000000d6a00000)
  to   space 1024K, 0% used [0x00000000d6800000,0x00000000d6800000,0x00000000d6900000)
 ParOldGen       total 68608K, used 40614K [0x0000000080000000, 0x0000000084300000, 0x00000000d5580000)
  object space 68608K, 59% used [0x0000000080000000,0x00000000827a9888,0x0000000084300000)
 Metaspace       used 63220K, committed 64704K, reserved 1114112K
  class space    used 8037K, committed 8640K, reserved 1048576K
}
Event: 11.958 GC heap after
{Heap after GC invocations=46 (full 3):
 PSYoungGen      total 19968K, used 848K [0x00000000d5580000, 0x00000000d6a00000, 0x0000000100000000)
  eden space 18944K, 0% used [0x00000000d5580000,0x00000000d5580000,0x00000000d6800000)
  from space 1024K, 82% used [0x00000000d6800000,0x00000000d68d4020,0x00000000d6900000)
  to   space 1024K, 0% used [0x00000000d6900000,0x00000000d6900000,0x00000000d6a00000)
 ParOldGen       total 68608K, used 41190K [0x0000000080000000, 0x0000000084300000, 0x00000000d5580000)
  object space 68608K, 60% used [0x0000000080000000,0x00000000828398a8,0x0000000084300000)
 Metaspace       used 63220K, committed 64704K, reserved 1114112K
  class space    used 8037K, committed 8640K, reserved 1048576K
}
Event: 13.631 GC heap before
{Heap before GC invocations=47 (full 3):
 PSYoungGen      total 19968K, used 19792K [0x00000000d5580000, 0x00000000d6a00000, 0x0000000100000000)
  eden space 18944K, 100% used [0x00000000d5580000,0x00000000d6800000,0x00000000d6800000)
  from space 1024K, 82% used [0x00000000d6800000,0x00000000d68d4020,0x00000000d6900000)
  to   space 1024K, 0% used [0x00000000d6900000,0x00000000d6900000,0x00000000d6a00000)
 ParOldGen       total 68608K, used 41190K [0x0000000080000000, 0x0000000084300000, 0x00000000d5580000)
  object space 68608K, 60% used [0x0000000080000000,0x00000000828398a8,0x0000000084300000)
 Metaspace       used 63786K, committed 65280K, reserved 1114112K
  class space    used 8118K, committed 8768K, reserved 1048576K
}
Event: 13.633 GC heap after
{Heap after GC invocations=47 (full 3):
 PSYoungGen      total 19968K, used 971K [0x00000000d5580000, 0x00000000d6a00000, 0x0000000100000000)
  eden space 18944K, 0% used [0x00000000d5580000,0x00000000d5580000,0x00000000d6800000)
  from space 1024K, 94% used [0x00000000d6900000,0x00000000d69f2d28,0x00000000d6a00000)
  to   space 1024K, 0% used [0x00000000d6800000,0x00000000d6800000,0x00000000d6900000)
 ParOldGen       total 68608K, used 41830K [0x0000000080000000, 0x0000000084300000, 0x00000000d5580000)
  object space 68608K, 60% used [0x0000000080000000,0x00000000828d98b8,0x0000000084300000)
 Metaspace       used 63786K, committed 65280K, reserved 1114112K
  class space    used 8118K, committed 8768K, reserved 1048576K
}
Event: 16.987 GC heap before
{Heap before GC invocations=48 (full 3):
 PSYoungGen      total 19968K, used 19915K [0x00000000d5580000, 0x00000000d6a00000, 0x0000000100000000)
  eden space 18944K, 100% used [0x00000000d5580000,0x00000000d6800000,0x00000000d6800000)
  from space 1024K, 94% used [0x00000000d6900000,0x00000000d69f2d28,0x00000000d6a00000)
  to   space 1024K, 0% used [0x00000000d6800000,0x00000000d6800000,0x00000000d6900000)
 ParOldGen       total 68608K, used 41830K [0x0000000080000000, 0x0000000084300000, 0x00000000d5580000)
  object space 68608K, 60% used [0x0000000080000000,0x00000000828d98b8,0x0000000084300000)
 Metaspace       used 63930K, committed 65408K, reserved 1114112K
  class space    used 8134K, committed 8768K, reserved 1048576K
}
Event: 16.988 GC heap after
{Heap after GC invocations=48 (full 3):
 PSYoungGen      total 19968K, used 512K [0x00000000d5580000, 0x00000000d6a00000, 0x0000000100000000)
  eden space 18944K, 0% used [0x00000000d5580000,0x00000000d5580000,0x00000000d6800000)
  from space 1024K, 50% used [0x00000000d6800000,0x00000000d6880000,0x00000000d6900000)
  to   space 1024K, 0% used [0x00000000d6900000,0x00000000d6900000,0x00000000d6a00000)
 ParOldGen       total 68608K, used 42672K [0x0000000080000000, 0x0000000084300000, 0x00000000d5580000)
  object space 68608K, 62% used [0x0000000080000000,0x00000000829ac240,0x0000000084300000)
 Metaspace       used 63930K, committed 65408K, reserved 1114112K
  class space    used 8134K, committed 8768K, reserved 1048576K
}
Event: 18.644 GC heap before
{Heap before GC invocations=49 (full 3):
 PSYoungGen      total 19968K, used 19456K [0x00000000d5580000, 0x00000000d6a00000, 0x0000000100000000)
  eden space 18944K, 100% used [0x00000000d5580000,0x00000000d6800000,0x00000000d6800000)
  from space 1024K, 50% used [0x00000000d6800000,0x00000000d6880000,0x00000000d6900000)
  to   space 1024K, 0% used [0x00000000d6900000,0x00000000d6900000,0x00000000d6a00000)
 ParOldGen       total 68608K, used 42672K [0x0000000080000000, 0x0000000084300000, 0x00000000d5580000)
  object space 68608K, 62% used [0x0000000080000000,0x00000000829ac240,0x0000000084300000)
 Metaspace       used 63996K, committed 65408K, reserved 1114112K
  class space    used 8145K, committed 8768K, reserved 1048576K
}
Event: 18.645 GC heap after
{Heap after GC invocations=49 (full 3):
 PSYoungGen      total 19456K, used 416K [0x00000000d5580000, 0x00000000d6980000, 0x0000000100000000)
  eden space 18944K, 0% used [0x00000000d5580000,0x00000000d5580000,0x00000000d6800000)
  from space 512K, 81% used [0x00000000d6900000,0x00000000d6968000,0x00000000d6980000)
  to   space 512K, 0% used [0x00000000d6880000,0x00000000d6880000,0x00000000d6900000)
 ParOldGen       total 68608K, used 42816K [0x0000000080000000, 0x0000000084300000, 0x00000000d5580000)
  object space 68608K, 62% used [0x0000000080000000,0x00000000829d0240,0x0000000084300000)
 Metaspace       used 63996K, committed 65408K, reserved 1114112K
  class space    used 8145K, committed 8768K, reserved 1048576K
}
Event: 20.633 GC heap before
{Heap before GC invocations=50 (full 3):
 PSYoungGen      total 19456K, used 19360K [0x00000000d5580000, 0x00000000d6980000, 0x0000000100000000)
  eden space 18944K, 100% used [0x00000000d5580000,0x00000000d6800000,0x00000000d6800000)
  from space 512K, 81% used [0x00000000d6900000,0x00000000d6968000,0x00000000d6980000)
  to   space 512K, 0% used [0x00000000d6880000,0x00000000d6880000,0x00000000d6900000)
 ParOldGen       total 68608K, used 42816K [0x0000000080000000, 0x0000000084300000, 0x00000000d5580000)
  object space 68608K, 62% used [0x0000000080000000,0x00000000829d0240,0x0000000084300000)
 Metaspace       used 65265K, committed 66816K, reserved 1114112K
  class space    used 8300K, committed 8960K, reserved 1048576K
}
Event: 20.634 GC heap after
{Heap after GC invocations=50 (full 3):
 PSYoungGen      total 19456K, used 504K [0x00000000d5580000, 0x00000000d6a00000, 0x0000000100000000)
  eden space 18944K, 0% used [0x00000000d5580000,0x00000000d5580000,0x00000000d6800000)
  from space 512K, 98% used [0x00000000d6880000,0x00000000d68fe1a8,0x00000000d6900000)
  to   space 1024K, 0% used [0x00000000d6900000,0x00000000d6900000,0x00000000d6a00000)
 ParOldGen       total 68608K, used 43053K [0x0000000080000000, 0x0000000084300000, 0x00000000d5580000)
  object space 68608K, 62% used [0x0000000080000000,0x0000000082a0b420,0x0000000084300000)
 Metaspace       used 65265K, committed 66816K, reserved 1114112K
  class space    used 8300K, committed 8960K, reserved 1048576K
}
Event: 22.066 GC heap before
{Heap before GC invocations=51 (full 3):
 PSYoungGen      total 19456K, used 19412K [0x00000000d5580000, 0x00000000d6a00000, 0x0000000100000000)
  eden space 18944K, 99% used [0x00000000d5580000,0x00000000d67f6eb8,0x00000000d6800000)
  from space 512K, 98% used [0x00000000d6880000,0x00000000d68fe1a8,0x00000000d6900000)
  to   space 1024K, 0% used [0x00000000d6900000,0x00000000d6900000,0x00000000d6a00000)
 ParOldGen       total 68608K, used 43053K [0x0000000080000000, 0x0000000084300000, 0x00000000d5580000)
  object space 68608K, 62% used [0x0000000080000000,0x0000000082a0b420,0x0000000084300000)
 Metaspace       used 65358K, committed 66880K, reserved 1114112K
  class space    used 8301K, committed 8960K, reserved 1048576K
}
Event: 22.066 GC heap after
{Heap after GC invocations=51 (full 3):
 PSYoungGen      total 19968K, used 864K [0x00000000d5580000, 0x00000000d6a00000, 0x0000000100000000)
  eden space 18944K, 0% used [0x00000000d5580000,0x00000000d5580000,0x00000000d6800000)
  from space 1024K, 84% used [0x00000000d6900000,0x00000000d69d82b0,0x00000000d6a00000)
  to   space 1024K, 0% used [0x00000000d6800000,0x00000000d6800000,0x00000000d6900000)
 ParOldGen       total 68608K, used 43526K [0x0000000080000000, 0x0000000084300000, 0x00000000d5580000)
  object space 68608K, 63% used [0x0000000080000000,0x0000000082a81a20,0x0000000084300000)
 Metaspace       used 65358K, committed 66880K, reserved 1114112K
  class space    used 8301K, committed 8960K, reserved 1048576K
}

Dll operation events (15 events):
Event: 0.011 Loaded shared library c:\Users\Rakesh\.antigravity\extensions\redhat.java-1.51.0-win32-x64\jre\21.0.9-win32-x86_64\bin\java.dll
Event: 0.097 Loaded shared library c:\Users\Rakesh\.antigravity\extensions\redhat.java-1.51.0-win32-x64\jre\21.0.9-win32-x86_64\bin\zip.dll
Event: 0.128 Loaded shared library C:\Users\Rakesh\.antigravity\extensions\redhat.java-1.51.0-win32-x64\jre\21.0.9-win32-x86_64\bin\instrument.dll
Event: 0.135 Loaded shared library C:\Users\Rakesh\.antigravity\extensions\redhat.java-1.51.0-win32-x64\jre\21.0.9-win32-x86_64\bin\net.dll
Event: 0.138 Loaded shared library C:\Users\Rakesh\.antigravity\extensions\redhat.java-1.51.0-win32-x64\jre\21.0.9-win32-x86_64\bin\nio.dll
Event: 0.144 Loaded shared library C:\Users\Rakesh\.antigravity\extensions\redhat.java-1.51.0-win32-x64\jre\21.0.9-win32-x86_64\bin\zip.dll
Event: 0.166 Loaded shared library C:\Users\Rakesh\.antigravity\extensions\redhat.java-1.51.0-win32-x64\jre\21.0.9-win32-x86_64\bin\jimage.dll
Event: 0.294 Loaded shared library c:\Users\Rakesh\.antigravity\extensions\redhat.java-1.51.0-win32-x64\jre\21.0.9-win32-x86_64\bin\verify.dll
Event: 1.733 Loaded shared library C:\Users\Rakesh\AppData\Roaming\Antigravity\User\globalStorage\redhat.java\1.51.0\config_win\org.eclipse.equinox.launcher\org.eclipse.equinox.launcher.win32.win32.x86_64_1.2.1400.v20250801-0854\eclipse_11916.dll
Event: 3.329 Loaded shared library C:\Users\Rakesh\AppData\Local\Temp\jna--1854507010\jna11217723686696469308.dll
Event: 6.579 Loaded shared library C:\Users\Rakesh\.gradle\native\1def1411415f61bf3af743bc5b6707747c0891f09f0c88961ee8f79bc544acac\windows-amd64\native-platform.dll
Event: 8.244 Loaded shared library C:\Users\Rakesh\.antigravity\extensions\redhat.java-1.51.0-win32-x64\jre\21.0.9-win32-x86_64\bin\management.dll
Event: 8.249 Loaded shared library C:\Users\Rakesh\.antigravity\extensions\redhat.java-1.51.0-win32-x64\jre\21.0.9-win32-x86_64\bin\management_ext.dll
Event: 11.164 Loaded shared library C:\Users\Rakesh\.antigravity\extensions\redhat.java-1.51.0-win32-x64\jre\21.0.9-win32-x86_64\bin\extnet.dll
Event: 11.419 Loaded shared library C:\Users\Rakesh\.antigravity\extensions\redhat.java-1.51.0-win32-x64\jre\21.0.9-win32-x86_64\bin\sunmscapi.dll

Deoptimization events (20 events):
Event: 309.500 Thread 0x000001f8f070fca0 Uncommon trap: trap_request=0xffffff45 fr.pc=0x000001f8dcc58460 relative=0x00000000000005e0
Event: 309.500 Thread 0x000001f8f070fca0 Uncommon trap: reason=unstable_if action=reinterpret pc=0x000001f8dcc58460 method=java.lang.String.decodeASCII([BI[CII)I @ 13 c2
Event: 309.500 Thread 0x000001f8f070fca0 DEOPT PACKING pc=0x000001f8dcc58460 sp=0x000000cead8fecd0
Event: 309.500 Thread 0x000001f8f070fca0 DEOPT UNPACKING pc=0x000001f8dc4b3aa2 sp=0x000000cead8feaf8 mode 2
Event: 309.500 Thread 0x000001f8f070fca0 Uncommon trap: trap_request=0xffffff45 fr.pc=0x000001f8dce05e70 relative=0x0000000000000ad0
Event: 309.500 Thread 0x000001f8f070fca0 Uncommon trap: reason=unstable_if action=reinterpret pc=0x000001f8dce05e70 method=java.nio.charset.CharsetDecoder.decode(Ljava/nio/ByteBuffer;Ljava/nio/CharBuffer;Z)Ljava/nio/charset/CoderResult; @ 93 c2
Event: 309.500 Thread 0x000001f8f070fca0 DEOPT PACKING pc=0x000001f8dce05e70 sp=0x000000cead8fed30
Event: 309.500 Thread 0x000001f8f070fca0 DEOPT UNPACKING pc=0x000001f8dc4b3aa2 sp=0x000000cead8fead0 mode 2
Event: 309.502 Thread 0x000001f8f070fca0 Uncommon trap: trap_request=0xffffffde fr.pc=0x000001f8dd191760 relative=0x0000000000000500
Event: 309.502 Thread 0x000001f8f070fca0 Uncommon trap: reason=class_check action=maybe_recompile pc=0x000001f8dd191760 method=java.util.AbstractMap.hashCode()I @ 3 c2
Event: 309.502 Thread 0x000001f8f070fca0 DEOPT PACKING pc=0x000001f8dd191760 sp=0x000000cead8fe920
Event: 309.502 Thread 0x000001f8f070fca0 DEOPT UNPACKING pc=0x000001f8dc4b3aa2 sp=0x000000cead8fe8c8 mode 2
Event: 309.504 Thread 0x000001f8f070fca0 Uncommon trap: trap_request=0xffffffde fr.pc=0x000001f8dd191760 relative=0x0000000000000500
Event: 309.504 Thread 0x000001f8f070fca0 Uncommon trap: reason=class_check action=maybe_recompile pc=0x000001f8dd191760 method=java.util.AbstractMap.hashCode()I @ 3 c2
Event: 309.504 Thread 0x000001f8f070fca0 DEOPT PACKING pc=0x000001f8dd191760 sp=0x000000cead8feba0
Event: 309.504 Thread 0x000001f8f070fca0 DEOPT UNPACKING pc=0x000001f8dc4b3aa2 sp=0x000000cead8feb48 mode 2
Event: 309.654 Thread 0x000001f8f070fca0 Uncommon trap: trap_request=0xffffffc6 fr.pc=0x000001f8dd0d225c relative=0x000000000000021c
Event: 309.654 Thread 0x000001f8f070fca0 Uncommon trap: reason=bimorphic_or_optimized_type_check action=maybe_recompile pc=0x000001f8dd0d225c method=org.eclipse.core.runtime.SubMonitor$RootInfo.isCanceled()Z @ 4 c2
Event: 309.654 Thread 0x000001f8f070fca0 DEOPT PACKING pc=0x000001f8dd0d225c sp=0x000000cead8ff420
Event: 309.654 Thread 0x000001f8f070fca0 DEOPT UNPACKING pc=0x000001f8dc4b3aa2 sp=0x000000cead8ff360 mode 2

Classes loaded (20 events):
Event: 31.486 Loading class sun/util/cldr/CLDRBaseLocaleDataMetaInfo$TZCanonicalIDMapHolder
Event: 31.487 Loading class sun/util/cldr/CLDRBaseLocaleDataMetaInfo$TZCanonicalIDMapHolder done
Event: 31.489 Loading class sun/util/resources/TimeZoneNames
Event: 31.490 Loading class sun/util/resources/TimeZoneNames done
Event: 31.491 Loading class sun/util/resources/TimeZoneNames_en
Event: 31.491 Loading class sun/util/resources/TimeZoneNames_en done
Event: 309.474 Loading class java/util/concurrent/ForkJoinTask$AdaptedCallable
Event: 309.474 Loading class java/util/concurrent/ForkJoinTask$AdaptedCallable done
Event: 309.475 Loading class java/util/stream/Nodes$CollectorTask$OfRef
Event: 309.476 Loading class java/util/stream/Nodes$CollectorTask
Event: 309.476 Loading class java/util/stream/Nodes$CollectorTask done
Event: 309.476 Loading class java/util/stream/Nodes$CollectorTask$OfRef done
Event: 309.476 Loading class java/util/function/LongFunction
Event: 309.476 Loading class java/util/function/LongFunction done
Event: 309.476 Loading class java/util/stream/Nodes$ConcNode
Event: 309.476 Loading class java/util/stream/Nodes$AbstractConcNode
Event: 309.476 Loading class java/util/stream/Nodes$AbstractConcNode done
Event: 309.476 Loading class java/util/stream/Nodes$ConcNode done
Event: 309.500 Loading class java/nio/charset/MalformedInputException
Event: 309.500 Loading class java/nio/charset/MalformedInputException done

Classes unloaded (7 events):
Event: 4.035 Thread 0x000001f8e8e91dd0 Unloading class 0x000001f8811a4000 'java/lang/invoke/LambdaForm$MH+0x000001f8811a4000'
Event: 4.035 Thread 0x000001f8e8e91dd0 Unloading class 0x000001f8811a3c00 'java/lang/invoke/LambdaForm$MH+0x000001f8811a3c00'
Event: 4.035 Thread 0x000001f8e8e91dd0 Unloading class 0x000001f8811a3800 'java/lang/invoke/LambdaForm$MH+0x000001f8811a3800'
Event: 4.035 Thread 0x000001f8e8e91dd0 Unloading class 0x000001f8811a3400 'java/lang/invoke/LambdaForm$MH+0x000001f8811a3400'
Event: 4.035 Thread 0x000001f8e8e91dd0 Unloading class 0x000001f8811a3000 'java/lang/invoke/LambdaForm$BMH+0x000001f8811a3000'
Event: 4.035 Thread 0x000001f8e8e91dd0 Unloading class 0x000001f8811a2c00 'java/lang/invoke/LambdaForm$DMH+0x000001f8811a2c00'
Event: 4.035 Thread 0x000001f8e8e91dd0 Unloading class 0x000001f8811a1800 'java/lang/invoke/LambdaForm$DMH+0x000001f8811a1800'

Classes redefined (0 events):
No events

Internal exceptions (20 events):
Event: 18.653 Thread 0x000001f8f32c9230 Exception <a 'sun/nio/fs/WindowsException'{0x00000000d55d8798}> (0x00000000d55d8798) 
thrown [s\src\hotspot\share\prims\jni.cpp, line 520]
Event: 18.653 Thread 0x000001f8f32c9230 Exception <a 'sun/nio/fs/WindowsException'{0x00000000d55dcd38}> (0x00000000d55dcd38) 
thrown [s\src\hotspot\share\prims\jni.cpp, line 520]
Event: 18.653 Thread 0x000001f8f32c9230 Exception <a 'sun/nio/fs/WindowsException'{0x00000000d55e3a58}> (0x00000000d55e3a58) 
thrown [s\src\hotspot\share\prims\jni.cpp, line 520]
Event: 18.654 Thread 0x000001f8f32c9230 Exception <a 'sun/nio/fs/WindowsException'{0x00000000d55eb838}> (0x00000000d55eb838) 
thrown [s\src\hotspot\share\prims\jni.cpp, line 520]
Event: 18.669 Thread 0x000001f8f32c7e80 Exception <a 'sun/nio/fs/WindowsException'{0x00000000d570d9d0}> (0x00000000d570d9d0) 
thrown [s\src\hotspot\share\prims\jni.cpp, line 520]
Event: 18.669 Thread 0x000001f8f32c7e80 Exception <a 'sun/nio/fs/WindowsException'{0x00000000d570e278}> (0x00000000d570e278) 
thrown [s\src\hotspot\share\prims\jni.cpp, line 520]
Event: 18.670 Thread 0x000001f8f32c7e80 Exception <a 'sun/nio/fs/WindowsException'{0x00000000d5732740}> (0x00000000d5732740) 
thrown [s\src\hotspot\share\prims\jni.cpp, line 520]
Event: 18.670 Thread 0x000001f8f32c7e80 Exception <a 'sun/nio/fs/WindowsException'{0x00000000d5732fe0}> (0x00000000d5732fe0) 
thrown [s\src\hotspot\share\prims\jni.cpp, line 520]
Event: 18.685 Thread 0x000001f8f32c7e80 Exception <a 'sun/nio/fs/WindowsException'{0x00000000d59b9b48}> (0x00000000d59b9b48) 
thrown [s\src\hotspot\share\prims\jni.cpp, line 520]
Event: 18.686 Thread 0x000001f8f32c7e80 Exception <a 'sun/nio/fs/WindowsException'{0x00000000d59ba8e8}> (0x00000000d59ba8e8) 
thrown [s\src\hotspot\share\prims\jni.cpp, line 520]
Event: 18.686 Thread 0x000001f8f32c7e80 Exception <a 'sun/nio/fs/WindowsException'{0x00000000d59df4c8}> (0x00000000d59df4c8) 
thrown [s\src\hotspot\share\prims\jni.cpp, line 520]
Event: 18.686 Thread 0x000001f8f32c7e80 Exception <a 'sun/nio/fs/WindowsException'{0x00000000d59e0010}> (0x00000000d59e0010) 
thrown [s\src\hotspot\share\prims\jni.cpp, line 520]
Event: 18.714 Thread 0x000001f8f32c7e80 Exception <a 'java/lang/IncompatibleClassChangeError'{0x00000000d5caa440}: Found class java.lang.Object, but interface was expected> (0x00000000d5caa440) 
thrown [s\src\hotspot\share\interpreter\linkResolver.cpp, line 840]
Event: 18.737 Thread 0x000001f8f070fca0 Exception <a 'java/lang/NoSuchMethodError'{0x00000000d5f6ef98}: 'java.lang.Object java.lang.invoke.DirectMethodHandle$Holder.invokeStatic(java.lang.Object, java.lang.Object, int, java.lang.Object)'> (0x00000000d5f6ef98) 
thrown [s\src\hotspot\share\interpreter\linkResolver.cpp, line 773]
Event: 18.738 Thread 0x000001f8f070fca0 Exception <a 'java/lang/NoSuchMethodError'{0x00000000d5f75cc8}: 'java.lang.Object java.lang.invoke.DirectMethodHandle$Holder.newInvokeSpecial(java.lang.Object, java.lang.Object, int)'> (0x00000000d5f75cc8) 
thrown [s\src\hotspot\share\interpreter\linkResolver.cpp, line 773]
Event: 18.768 Thread 0x000001f8f070fca0 Exception <a 'java/io/FileNotFoundException'{0x00000000d62b8490}> (0x00000000d62b8490) 
thrown [s\src\hotspot\share\prims\jni.cpp, line 520]
Event: 18.769 Thread 0x000001f8f070fca0 Exception <a 'java/io/FileNotFoundException'{0x00000000d62b9470}> (0x00000000d62b9470) 
thrown [s\src\hotspot\share\prims\jni.cpp, line 520]
Event: 22.042 Thread 0x000001f8f6ef81d0 Implicit null exception at 0x000001f8dd12f936 to 0x000001f8dd12fcdc
Event: 22.047 Thread 0x000001f8f6ef81d0 Implicit null exception at 0x000001f8dd11cfae to 0x000001f8dd11eac8
Event: 309.490 Thread 0x000001f8f070fca0 Exception <a 'java/lang/NoSuchMethodError'{0x00000000d5b774d8}: 'java.lang.Object java.lang.invoke.DirectMethodHandle$Holder.newInvokeSpecial(java.lang.Object, java.lang.Object, java.lang.Object, java.lang.Object, java.lang.Object, java.lang.Object, java.lang.Object, java.lang.Object)'> (0x00000000d5b774d8) 
thrown [s\src\hotspot\share\interpreter\linkResolver.cpp, line 773]

ZGC Phase Switch (0 events):
No events

VM Operations (20 events):
Event: 21.635 Executing VM operation: Cleanup done
Event: 22.066 Executing VM operation: ParallelGCFailedAllocation (Allocation Failure)
Event: 22.067 Executing VM operation: ParallelGCFailedAllocation (Allocation Failure) done
Event: 23.067 Executing VM operation: Cleanup
Event: 23.068 Executing VM operation: Cleanup done
Event: 32.071 Executing VM operation: Cleanup
Event: 32.071 Executing VM operation: Cleanup done
Event: 35.072 Executing VM operation: Cleanup
Event: 35.072 Executing VM operation: Cleanup done
Event: 60.111 Executing VM operation: HandshakeAllThreads (HandshakeForDeflation)
Event: 60.111 Executing VM operation: HandshakeAllThreads (HandshakeForDeflation) done
Event: 60.111 Executing VM operation: RendezvousGCThreads
Event: 60.111 Executing VM operation: RendezvousGCThreads done
Event: 120.225 Executing VM operation: HandshakeAllThreads (HandshakeForDeflation)
Event: 120.225 Executing VM operation: HandshakeAllThreads (HandshakeForDeflation) done
Event: 120.225 Executing VM operation: RendezvousGCThreads
Event: 120.225 Executing VM operation: RendezvousGCThreads done
Event: 211.915 Executing VM operation: Cleanup
Event: 211.915 Executing VM operation: Cleanup done
Event: 310.111 Executing VM operation: Cleanup

Memory protections (0 events):
No events

Nmethod flushes (20 events):
Event: 9.576 Thread 0x000001f8e8e91dd0 flushing  nmethod 0x000001f8d593cb90
Event: 9.576 Thread 0x000001f8e8e91dd0 flushing  nmethod 0x000001f8d593d190
Event: 9.576 Thread 0x000001f8e8e91dd0 flushing  nmethod 0x000001f8d593da10
Event: 9.576 Thread 0x000001f8e8e91dd0 flushing  nmethod 0x000001f8d593f810
Event: 9.576 Thread 0x000001f8e8e91dd0 flushing  nmethod 0x000001f8d594b590
Event: 9.576 Thread 0x000001f8e8e91dd0 flushing  nmethod 0x000001f8d5965a10
Event: 9.576 Thread 0x000001f8e8e91dd0 flushing  nmethod 0x000001f8d5967710
Event: 9.576 Thread 0x000001f8e8e91dd0 flushing  nmethod 0x000001f8d598c810
Event: 9.576 Thread 0x000001f8e8e91dd0 flushing  nmethod 0x000001f8d599ce90
Event: 9.576 Thread 0x000001f8e8e91dd0 flushing osr nmethod 0x000001f8d59ac590
Event: 9.576 Thread 0x000001f8e8e91dd0 flushing  nmethod 0x000001f8d59c9a90
Event: 9.576 Thread 0x000001f8e8e91dd0 flushing  nmethod 0x000001f8d59ca490
Event: 9.576 Thread 0x000001f8e8e91dd0 flushing  nmethod 0x000001f8d59cbd90
Event: 9.576 Thread 0x000001f8e8e91dd0 flushing  nmethod 0x000001f8d59cd890
Event: 9.576 Thread 0x000001f8e8e91dd0 flushing  nmethod 0x000001f8d59cdd10
Event: 9.576 Thread 0x000001f8e8e91dd0 flushing  nmethod 0x000001f8d59d0490
Event: 9.576 Thread 0x000001f8e8e91dd0 flushing  nmethod 0x000001f8d59d1d90
Event: 9.576 Thread 0x000001f8e8e91dd0 flushing  nmethod 0x000001f8d59d4590
Event: 9.576 Thread 0x000001f8e8e91dd0 flushing  nmethod 0x000001f8d59dae90
Event: 9.576 Thread 0x000001f8e8e91dd0 flushing  nmethod 0x000001f8d59f7310

Events (20 events):
Event: 31.429 Thread 0x000001f8f1bf7b30 Thread added: 0x000001f8f267d920
Event: 31.429 Thread 0x000001f8f1bf7b30 Thread added: 0x000001f8f267dff0
Event: 31.443 Thread 0x000001f8f267d920 Thread added: 0x000001f8f267b710
Event: 31.452 Thread 0x000001f8f267b710 Thread added: 0x000001f8f267cb80
Event: 36.494 Thread 0x000001f8f1bf8200 Thread exited: 0x000001f8f1bf8200
Event: 36.494 Thread 0x000001f8f267cb80 Thread exited: 0x000001f8f267cb80
Event: 36.494 Thread 0x000001f8f267b710 Thread exited: 0x000001f8f267b710
Event: 36.758 Thread 0x000001f8f1bf7b30 Thread exited: 0x000001f8f1bf7b30
Event: 41.758 Thread 0x000001f8f267dff0 Thread exited: 0x000001f8f267dff0
Event: 46.759 Thread 0x000001f8f267d920 Thread exited: 0x000001f8f267d920
Event: 78.941 Thread 0x000001f8f6ef6e20 Thread exited: 0x000001f8f6ef6e20
Event: 79.979 Thread 0x000001f8f2aad280 Thread exited: 0x000001f8f2aad280
Event: 82.214 Thread 0x000001f8f32c9230 Thread exited: 0x000001f8f32c9230
Event: 82.214 Thread 0x000001f8f32c98c0 Thread exited: 0x000001f8f32c98c0
Event: 83.549 Thread 0x000001f8f070dbd0 Thread exited: 0x000001f8f070dbd0
Event: 138.949 Thread 0x000001f8f6efa2a0 Thread exited: 0x000001f8f6efa2a0
Event: 309.474 Thread 0x000001f8f070fca0 Thread added: 0x000001f8f6ef74b0
Event: 309.477 Thread 0x000001f8f6ef74b0 Thread exited: 0x000001f8f6ef74b0
Event: 309.485 Thread 0x000001f8f070fca0 Thread added: 0x000001f8f6ef81d0
Event: 309.485 Thread 0x000001f8f6ef81d0 Thread exited: 0x000001f8f6ef81d0


Dynamic libraries:
0x00007ff6dda60000 - 0x00007ff6dda6e000 	c:\Users\Rakesh\.antigravity\extensions\redhat.java-1.51.0-win32-x64\jre\21.0.9-win32-x86_64\bin\java.exe
0x00007ff845a00000 - 0x00007ff845c67000 	C:\Windows\SYSTEM32\ntdll.dll
0x00007ff844f10000 - 0x00007ff844fd9000 	C:\Windows\System32\KERNEL32.DLL
0x00007ff842e10000 - 0x00007ff8431ff000 	C:\Windows\System32\KERNELBASE.dll
0x00007ff842cc0000 - 0x00007ff842e0b000 	C:\Windows\System32\ucrtbase.dll
0x00007fffe5740000 - 0x00007fffe5758000 	c:\Users\Rakesh\.antigravity\extensions\redhat.java-1.51.0-win32-x64\jre\21.0.9-win32-x86_64\bin\jli.dll
0x00007ff844d40000 - 0x00007ff844f05000 	C:\Windows\System32\USER32.dll
0x00007ff843600000 - 0x00007ff843627000 	C:\Windows\System32\win32u.dll
0x00007ff8437a0000 - 0x00007ff8437cb000 	C:\Windows\System32\GDI32.dll
0x00007fffe0870000 - 0x00007fffe088e000 	c:\Users\Rakesh\.antigravity\extensions\redhat.java-1.51.0-win32-x64\jre\21.0.9-win32-x86_64\bin\VCRUNTIME140.dll
0x00007ff8434d0000 - 0x00007ff8435fc000 	C:\Windows\System32\gdi32full.dll
0x00007ff8296b0000 - 0x00007ff829943000 	C:\Windows\WinSxS\amd64_microsoft.windows.common-controls_6595b64144ccf1df_6.0.26100.7309_none_3e05feeae336a044\COMCTL32.dll
0x00007ff843390000 - 0x00007ff843433000 	C:\Windows\System32\msvcp_win.dll
0x00007ff843be0000 - 0x00007ff843c89000 	C:\Windows\System32\msvcrt.dll
0x00007ff843ba0000 - 0x00007ff843bd1000 	C:\Windows\System32\IMM32.DLL
0x00007ff8316b0000 - 0x00007ff8316bc000 	c:\Users\Rakesh\.antigravity\extensions\redhat.java-1.51.0-win32-x64\jre\21.0.9-win32-x86_64\bin\vcruntime140_1.dll
0x00007fffbd6f0000 - 0x00007fffbd77d000 	c:\Users\Rakesh\.antigravity\extensions\redhat.java-1.51.0-win32-x64\jre\21.0.9-win32-x86_64\bin\msvcp140.dll
0x00007fffa30a0000 - 0x00007fffa3e40000 	c:\Users\Rakesh\.antigravity\extensions\redhat.java-1.51.0-win32-x64\jre\21.0.9-win32-x86_64\bin\server\jvm.dll
0x00007ff844750000 - 0x00007ff844804000 	C:\Windows\System32\ADVAPI32.dll
0x00007ff843ca0000 - 0x00007ff843d46000 	C:\Windows\System32\sechost.dll
0x00007ff8458a0000 - 0x00007ff8459b8000 	C:\Windows\System32\RPCRT4.dll
0x00007ff844110000 - 0x00007ff844184000 	C:\Windows\System32\WS2_32.dll
0x00007ff841760000 - 0x00007ff8417be000 	C:\Windows\SYSTEM32\POWRPROF.dll
0x00007ff831850000 - 0x00007ff831885000 	C:\Windows\SYSTEM32\WINMM.dll
0x00007ff83b090000 - 0x00007ff83b09b000 	C:\Windows\SYSTEM32\VERSION.dll
0x00007ff841740000 - 0x00007ff841754000 	C:\Windows\SYSTEM32\UMPDC.dll
0x00007ff841a20000 - 0x00007ff841a3b000 	C:\Windows\SYSTEM32\kernel.appcore.dll
0x00007ff831680000 - 0x00007ff83168a000 	c:\Users\Rakesh\.antigravity\extensions\redhat.java-1.51.0-win32-x64\jre\21.0.9-win32-x86_64\bin\jimage.dll
0x00007ff830e60000 - 0x00007ff8310a2000 	C:\Windows\SYSTEM32\DBGHELP.DLL
0x00007ff8449b0000 - 0x00007ff844d36000 	C:\Windows\System32\combase.dll
0x00007ff843ed0000 - 0x00007ff843fa6000 	C:\Windows\System32\OLEAUT32.dll
0x00007ff8153a0000 - 0x00007ff8153dc000 	C:\Windows\SYSTEM32\dbgcore.DLL
0x00007ff842b50000 - 0x00007ff842bf5000 	C:\Windows\System32\bcryptPrimitives.dll
0x00007ff8008b0000 - 0x00007ff8008bf000 	c:\Users\Rakesh\.antigravity\extensions\redhat.java-1.51.0-win32-x64\jre\21.0.9-win32-x86_64\bin\instrument.dll
0x00007fffe0710000 - 0x00007fffe0730000 	c:\Users\Rakesh\.antigravity\extensions\redhat.java-1.51.0-win32-x64\jre\21.0.9-win32-x86_64\bin\java.dll
0x00007ff844fe0000 - 0x00007ff845733000 	C:\Windows\System32\SHELL32.dll
0x00007ff843630000 - 0x00007ff84379a000 	C:\Windows\System32\wintypes.dll
0x00007ff840740000 - 0x00007ff840f9e000 	C:\Windows\SYSTEM32\windows.storage.dll
0x00007ff844010000 - 0x00007ff844105000 	C:\Windows\System32\SHCORE.dll
0x00007ff8437d0000 - 0x00007ff843836000 	C:\Windows\System32\shlwapi.dll
0x00007ff842a70000 - 0x00007ff842a99000 	C:\Windows\SYSTEM32\profapi.dll
0x00007fffe06f0000 - 0x00007fffe0708000 	c:\Users\Rakesh\.antigravity\extensions\redhat.java-1.51.0-win32-x64\jre\21.0.9-win32-x86_64\bin\zip.dll
0x00007ff8312d0000 - 0x00007ff8312e0000 	C:\Users\Rakesh\.antigravity\extensions\redhat.java-1.51.0-win32-x64\jre\21.0.9-win32-x86_64\bin\net.dll
0x00007ff83ace0000 - 0x00007ff83ae08000 	C:\Windows\SYSTEM32\WINHTTP.dll
0x00007ff841f90000 - 0x00007ff841ffb000 	C:\Windows\system32\mswsock.dll
0x00007fffdc8b0000 - 0x00007fffdc8c6000 	C:\Users\Rakesh\.antigravity\extensions\redhat.java-1.51.0-win32-x64\jre\21.0.9-win32-x86_64\bin\nio.dll
0x00007fffefca0000 - 0x00007fffefcb0000 	c:\Users\Rakesh\.antigravity\extensions\redhat.java-1.51.0-win32-x64\jre\21.0.9-win32-x86_64\bin\verify.dll
0x00007fffe6ac0000 - 0x00007fffe6b04000 	C:\Users\Rakesh\AppData\Roaming\Antigravity\User\globalStorage\redhat.java\1.51.0\config_win\org.eclipse.equinox.launcher\org.eclipse.equinox.launcher.win32.win32.x86_64_1.2.1400.v20250801-0854\eclipse_11916.dll
0x00007ff844810000 - 0x00007ff8449a7000 	C:\Windows\System32\ole32.dll
0x00007ff842250000 - 0x00007ff84226b000 	C:\Windows\SYSTEM32\CRYPTSP.dll
0x00007ff841980000 - 0x00007ff8419ba000 	C:\Windows\system32\rsaenh.dll
0x00007ff842040000 - 0x00007ff84206b000 	C:\Windows\SYSTEM32\USERENV.dll
0x00007ff842a40000 - 0x00007ff842a6a000 	C:\Windows\SYSTEM32\bcrypt.dll
0x00007ff842270000 - 0x00007ff84227c000 	C:\Windows\SYSTEM32\CRYPTBASE.dll
0x00007ff841410000 - 0x00007ff841444000 	C:\Windows\SYSTEM32\IPHLPAPI.DLL
0x00007ff844620000 - 0x00007ff84462a000 	C:\Windows\System32\NSI.dll
0x00007fffe7910000 - 0x00007fffe7959000 	C:\Users\Rakesh\AppData\Local\Temp\jna--1854507010\jna11217723686696469308.dll
0x00007ff843840000 - 0x00007ff843848000 	C:\Windows\System32\PSAPI.DLL
0x00007ff83b4d0000 - 0x00007ff83b4ee000 	C:\Windows\SYSTEM32\dhcpcsvc6.DLL
0x00007ff83b340000 - 0x00007ff83b363000 	C:\Windows\SYSTEM32\dhcpcsvc.DLL
0x00007ff80a7f0000 - 0x00007ff80a817000 	C:\Users\Rakesh\.gradle\native\1def1411415f61bf3af743bc5b6707747c0891f09f0c88961ee8f79bc544acac\windows-amd64\native-platform.dll
0x00007ff827df0000 - 0x00007ff827dfa000 	C:\Users\Rakesh\.antigravity\extensions\redhat.java-1.51.0-win32-x64\jre\21.0.9-win32-x86_64\bin\management.dll
0x00007ff8142a0000 - 0x00007ff8142ac000 	C:\Users\Rakesh\.antigravity\extensions\redhat.java-1.51.0-win32-x64\jre\21.0.9-win32-x86_64\bin\management_ext.dll
0x00007fffefdf0000 - 0x00007fffefdf9000 	C:\Users\Rakesh\.antigravity\extensions\redhat.java-1.51.0-win32-x64\jre\21.0.9-win32-x86_64\bin\extnet.dll
0x00007fffefe00000 - 0x00007fffefe0e000 	C:\Users\Rakesh\.antigravity\extensions\redhat.java-1.51.0-win32-x64\jre\21.0.9-win32-x86_64\bin\sunmscapi.dll
0x00007ff843210000 - 0x00007ff843387000 	C:\Windows\System32\CRYPT32.dll
0x00007ff842470000 - 0x00007ff8424a0000 	C:\Windows\SYSTEM32\ncrypt.dll
0x00007ff842420000 - 0x00007ff84245f000 	C:\Windows\SYSTEM32\NTASN1.dll
0x00007ff8371e0000 - 0x00007ff8371e8000 	C:\Windows\system32\wshunix.dll

JVMTI agents:
c:\Users\Rakesh\.antigravity\extensions\redhat.java-1.51.0-win32-x64\lombok\lombok-1.18.39-4050.jar path:c:\Users\Rakesh\.antigravity\extensions\redhat.java-1.51.0-win32-x64\jre\21.0.9-win32-x86_64\bin\instrument.dll, loaded, initialized, instrumentlib options:none

dbghelp: loaded successfully - version: 4.0.5 - missing functions: none
symbol engine: initialized successfully - sym options: 0x614 - pdb path: .;c:\Users\Rakesh\.antigravity\extensions\redhat.java-1.51.0-win32-x64\jre\21.0.9-win32-x86_64\bin;C:\Windows\SYSTEM32;C:\Windows\WinSxS\amd64_microsoft.windows.common-controls_6595b64144ccf1df_6.0.26100.7309_none_3e05feeae336a044;c:\Users\Rakesh\.antigravity\extensions\redhat.java-1.51.0-win32-x64\jre\21.0.9-win32-x86_64\bin\server;C:\Users\Rakesh\AppData\Roaming\Antigravity\User\globalStorage\redhat.java\1.51.0\config_win\org.eclipse.equinox.launcher\org.eclipse.equinox.launcher.win32.win32.x86_64_1.2.1400.v20250801-0854;C:\Users\Rakesh\AppData\Local\Temp\jna--1854507010;C:\Users\Rakesh\.gradle\native\1def1411415f61bf3af743bc5b6707747c0891f09f0c88961ee8f79bc544acac\windows-amd64

VM Arguments:
jvm_args: --add-modules=ALL-SYSTEM --add-opens=java.base/java.util=ALL-UNNAMED --add-opens=java.base/java.lang=ALL-UNNAMED --add-opens=java.base/sun.nio.fs=ALL-UNNAMED -Declipse.application=org.eclipse.jdt.ls.core.id1 -Dosgi.bundles.defaultStartLevel=4 -Declipse.product=org.eclipse.jdt.ls.core.product -Djava.import.generatesMetadataFilesAtProjectRoot=false -DDetectVMInstallationsJob.disabled=true -Dfile.encoding=utf8 -XX:+UseParallelGC -XX:GCTimeRatio=4 -XX:AdaptiveSizePolicyWeight=90 -Dsun.zip.disableMemoryMapping=true -Xmx2G -Xms100m -Xlog:disable -javaagent:c:\Users\Rakesh\.antigravity\extensions\redhat.java-1.51.0-win32-x64\lombok\lombok-1.18.39-4050.jar -XX:+HeapDumpOnOutOfMemoryError -XX:HeapDumpPath=c:\Users\Rakesh\AppData\Roaming\Antigravity\User\workspaceStorage\77720677bbb9ed3629d86e9bacb9b2db\redhat.java -Daether.dependencyCollector.impl=bf 
java_command: c:\Users\Rakesh\.antigravity\extensions\redhat.java-1.51.0-win32-x64\server\plugins\org.eclipse.equinox.launcher_1.7.100.v20251111-0406.jar -configuration c:\Users\Rakesh\AppData\Roaming\Antigravity\User\globalStorage\redhat.java\1.51.0\config_win -data c:\Users\Rakesh\AppData\Roaming\Antigravity\User\workspaceStorage\77720677bbb9ed3629d86e9bacb9b2db\redhat.java\jdt_ws --pipe=\\.\pipe\lsp-a9dc9335d018293d908d84c67132c057-sock
java_class_path (initial): c:\Users\Rakesh\.antigravity\extensions\redhat.java-1.51.0-win32-x64\server\plugins\org.eclipse.equinox.launcher_1.7.100.v20251111-0406.jar
Launcher Type: SUN_STANDARD

[Global flags]
    uintx AdaptiveSizePolicyWeight                 = 90                                        {product} {command line}
     intx CICompilerCount                          = 12                                        {product} {ergonomic}
    uintx GCTimeRatio                              = 4                                         {product} {command line}
     bool HeapDumpOnOutOfMemoryError               = true                                   {manageable} {command line}
    ccstr HeapDumpPath                             = c:\Users\Rakesh\AppData\Roaming\Antigravity\User\workspaceStorage\77720677bbb9ed3629d86e9bacb9b2db\redhat.java         {manageable} {command line}
   size_t InitialHeapSize                          = 104857600                                 {product} {command line}
   size_t MaxHeapSize                              = 2147483648                                {product} {command line}
   size_t MaxNewSize                               = 715653120                                 {product} {ergonomic}
   size_t MinHeapDeltaBytes                        = 524288                                    {product} {ergonomic}
   size_t MinHeapSize                              = 104857600                                 {product} {command line}
   size_t NewSize                                  = 34603008                                  {product} {ergonomic}
    uintx NonNMethodCodeHeapSize                   = 7602480                                {pd product} {ergonomic}
    uintx NonProfiledCodeHeapSize                  = 122027880                              {pd product} {ergonomic}
   size_t OldSize                                  = 70254592                                  {product} {ergonomic}
    uintx ProfiledCodeHeapSize                     = 122027880                              {pd product} {ergonomic}
    uintx ReservedCodeCacheSize                    = 251658240                              {pd product} {ergonomic}
     bool SegmentedCodeCache                       = true                                      {product} {ergonomic}
   size_t SoftMaxHeapSize                          = 2147483648                             {manageable} {ergonomic}
     bool UseCompressedOops                        = true                           {product lp64_product} {ergonomic}
     bool UseLargePagesIndividualAllocation        = false                                  {pd product} {ergonomic}
     bool UseParallelGC                            = true                                      {product} {command line}

Logging:
Log output configuration:
 #0: stdout all=off uptime,level,tags foldmultilines=false
 #1: stderr all=off uptime,level,tags foldmultilines=false

Release file:
JAVA_VERSION="21.0.9" 
MODULES="java.base java.compiler java.datatransfer java.xml java.prefs java.desktop java.instrument java.logging java.management java.security.sasl java.naming java.rmi java.management.rmi java.net.http java.scripting java.security.jgss java.transaction.xa java.sql java.sql.rowset java.xml.crypto java.se java.smartcardio jdk.accessibility jdk.internal.jvmstat jdk.attach jdk.charsets jdk.internal.opt jdk.zipfs jdk.compiler jdk.crypto.ec jdk.crypto.cryptoki jdk.crypto.mscapi jdk.dynalink jdk.internal.ed jdk.editpad jdk.hotspot.agent jdk.httpserver jdk.internal.le jdk.internal.vm.ci jdk.internal.vm.compiler jdk.internal.vm.compiler.management jdk.jartool jdk.javadoc jdk.jcmd jdk.management jdk.management.agent jdk.jconsole jdk.jdeps jdk.jdwp.agent jdk.jdi jdk.jfr jdk.jshell jdk.jsobject jdk.jstatd jdk.localedata jdk.management.jfr jdk.naming.dns jdk.naming.rmi jdk.net jdk.nio.mapmode jdk.random jdk.sctp jdk.security.auth jdk.security.jgss jdk.unsupported jdk.unsupported.desktop jdk.xml.dom" 

Environment Variables:
PATH=C:\Program Files (x86)\Common Files\Oracle\Java\java8path;C:\Program Files (x86)\Common Files\Oracle\Java\javapath;C:\Users\Rakesh\AppData\Roaming\npm;C:\Python313\Scripts\;C:\Python313\;C:\Windows\system32;C:\Windows;C:\Windows\System32\Wbem;C:\Windows\System32\WindowsPowerShell\v1.0\;C:\Windows\System32\OpenSSH\;C:\Program Files (x86)\NVIDIA Corporation\PhysX\Common;C:\Program Files\dotnet\;C:\ProgramData\chocolatey\bin;C:\Program Files\Git\cmd;C:\Program Files\NVIDIA Corporation\NVIDIA App\NvDLISR;C:\Program Files\nodejs\;C:\Users\Rakesh\AppData\Local\Android\platform-tools;C:\MinGW\bin;C:\Users\Rakesh\AppData\Local\Android\Sdk\platform-tools;C:\Users\Rakesh\AppData\Local\Android\Sdk\tools;C:\Program Files (x86)\Common Files\Oracle\Java\javapath;C:\Program Files\Microsoft\jdk-17.0.16.8-hotspot\bin;C:\Python313\Scripts\;C:\Python313\;C:\Windows\system32;C:\Windows;C:\Windows\System32\Wbem;C:\Windows\System32\WindowsPowerShell\v1.0\;C:\Windows\System32\OpenSSH\;C:\Program Files (x86)\NVIDIA Corporation\PhysX\Common;C:\Program Files\dotnet\;C:\ProgramData\chocolatey\bin;C:\Program Files\Git\cmd;C:\Program Files\NVIDIA Corporation\NVIDIA App\NvDLISR;C:\Program Files\Docker\Docker\resources\bin;C:\Program Files\nodejs\;C:\Users\Rakesh\AppData\Local\Android\platform-tools;C:\Users\Rakesh\AppData\Local\Programs\Python\Python311\Scripts\;C:\Users\Rakesh\AppData\Local\Programs\Python\Python311\;c:\Users\Rakesh\AppData\Local\Programs\cursor\resources\app\codeBin;C:\Program Files (x86)\GoAnime\bin;C:\Python313\Scripts\;C:\Python313\;C:\Windows\system32;C:\Windows;C:\Windows\System32\Wbem;C:\Windows\Sy;C:\Users\Rakesh\AppData\Local\Programs\Antigravity\bin;C:\flutter\bin;C:\Users\Rakesh\AppData\Local\Programs\Microsoft VS Code\bin;C:\ProgramData\Rakesh\GitHubDesktop\bin;C:\Users\Rakesh\AppData\Local\Programs\Windsurf\bin;C:\Users\Rakesh\AppData\Local\Programs\Zed\bin
USERNAME=Rakesh
OS=Windows_NT
PROCESSOR_IDENTIFIER=AMD64 Family 25 Model 68 Stepping 1, AuthenticAMD
TMP=C:\Users\Rakesh\AppData\Local\Temp
TEMP=C:\Users\Rakesh\AppData\Local\Temp




Periodic native trim disabled

---------------  S Y S T E M  ---------------

OS:
 Windows 11 , 64 bit Build 26100 (10.0.26100.7623)
OS uptime: 0 days 0:11 hours
Hyper-V role detected

CPU: total 16 (initial active 16) (16 cores per cpu, 2 threads per core) family 25 model 68 stepping 1 microcode 0xa404107, cx8, cmov, fxsr, ht, mmx, 3dnowpref, sse, sse2, sse3, ssse3, sse4a, sse4.1, sse4.2, popcnt, lzcnt, tsc, tscinvbit, avx, avx2, aes, erms, clmul, bmi1, bmi2, adx, sha, fma, vzeroupper, clflush, clflushopt, hv, rdtscp, rdpid, fsrm, f16c, cet_ss
Processor Information for the first 16 processors :
  Max Mhz: 3100, Current Mhz: 3100, Mhz Limit: 3100

Memory: 4k page, system-wide physical 16202M (3458M free)
TotalPageFile size 16202M (AvailPageFile size 2M)
current process WorkingSet (physical memory assigned to process): 267M, peak: 321M
current process commit charge ("private bytes"): 385M, peak: 442M

vm_info: OpenJDK 64-Bit Server VM (21.0.9+10-LTS) for windows-amd64 JRE (21.0.9+10-LTS), built on 2025-10-21T00:00:00Z by "admin" with unknown MS VC++:1942

END.
