#
# There is insufficient memory for the Java Runtime Environment to continue.
# Native memory allocation (malloc) failed to allocate 1297312 bytes. Error detail: Chunk::new
# Possible reasons:
#   The system is out of physical RAM or swap space
#   This process is running with CompressedOops enabled, and the Java Heap may be blocking the growth of the native heap
# Possible solutions:
#   Reduce memory load on the system
#   Increase physical memory or swap space
#   Check if swap backing store is full
#   Decrease Java heap size (-Xmx/-Xms)
#   Decrease number of Java threads
#   Decrease Java thread stack sizes (-Xss)
#   Set larger code cache with -XX:ReservedCodeCacheSize=
#   JVM is running with Unscaled Compressed Oops mode in which the Java heap is
#     placed in the first 4GB address space. The Java Heap base address is the
#     maximum limit for the native heap growth. Please use -XX:HeapBaseMinAddress
#     to set the Java Heap base and to place the Java Heap above 4GB virtual address.
# This output file may be truncated or incomplete.
#
#  Out of Memory Error (arena.cpp:168), pid=9028, tid=14232
#
# JRE version: OpenJDK Runtime Environment Temurin-21.0.9+10 (21.0.9+10) (build 21.0.9+10-LTS)
# Java VM: OpenJDK 64-Bit Server VM Temurin-21.0.9+10 (21.0.9+10-LTS, mixed mode, sharing, tiered, compressed oops, compressed class ptrs, parallel gc, windows-amd64)
# No core dump will be written. Minidumps are not enabled by default on client versions of Windows
#

---------------  S U M M A R Y ------------

Command Line: --add-modules=ALL-SYSTEM --add-opens=java.base/java.util=ALL-UNNAMED --add-opens=java.base/java.lang=ALL-UNNAMED --add-opens=java.base/sun.nio.fs=ALL-UNNAMED -Declipse.application=org.eclipse.jdt.ls.core.id1 -Dosgi.bundles.defaultStartLevel=4 -Declipse.product=org.eclipse.jdt.ls.core.product -Djava.import.generatesMetadataFilesAtProjectRoot=false -DDetectVMInstallationsJob.disabled=true -Dfile.encoding=utf8 -XX:+UseParallelGC -XX:GCTimeRatio=4 -XX:AdaptiveSizePolicyWeight=90 -Dsun.zip.disableMemoryMapping=true -Xmx2G -Xms100m -Xlog:disable -javaagent:c:\Users\Rakesh\.antigravity\extensions\redhat.java-1.51.0-win32-x64\lombok\lombok-1.18.39-4050.jar -XX:+HeapDumpOnOutOfMemoryError -XX:HeapDumpPath=c:\Users\Rakesh\AppData\Roaming\Antigravity\User\workspaceStorage\77720677bbb9ed3629d86e9bacb9b2db\redhat.java -Daether.dependencyCollector.impl=bf c:\Users\Rakesh\.antigravity\extensions\redhat.java-1.51.0-win32-x64\server\plugins\org.eclipse.equinox.launcher_1.7.100.v20251111-0406.jar -configuration c:\Users\Rakesh\AppData\Roaming\Antigravity\User\globalStorage\redhat.java\1.51.0\config_win -data c:\Users\Rakesh\AppData\Roaming\Antigravity\User\workspaceStorage\77720677bbb9ed3629d86e9bacb9b2db\redhat.java\jdt_ws --pipe=\\.\pipe\lsp-924bbe37a856bceef6ae5808096d5b76-sock

Host: AMD Ryzen 7 7435HS                             , 16 cores, 15G,  Windows 11 , 64 bit Build 26100 (10.0.26100.7623)
Time: Sat Jan 24 19:59:00 2026 India Standard Time elapsed time: 8.211657 seconds (0d 0h 0m 8s)

---------------  T H R E A D  ---------------

Current thread (0x000001f67f37dad0):  JavaThread "C2 CompilerThread3" daemon [_thread_in_native, id=14232, stack(0x000000c793400000,0x000000c793500000) (1024K)]


Current CompileTask:
C2:8211 6108       4       java.lang.invoke.MemberName::getMethodOrFieldType (72 bytes)

Stack: [0x000000c793400000,0x000000c793500000]
Native frames: (J=compiled Java code, j=interpreted, Vv=VM code, C=native code)
V  [jvm.dll+0x6d6e29]
V  [jvm.dll+0x8b4b76]
V  [jvm.dll+0x8b712e]
V  [jvm.dll+0x8b7813]
V  [jvm.dll+0x283d86]
V  [jvm.dll+0xc66ed]
V  [jvm.dll+0xc6c31]
V  [jvm.dll+0x3be53b]
V  [jvm.dll+0x1e3d59]
V  [jvm.dll+0x24c0f3]
V  [jvm.dll+0x24b580]
V  [jvm.dll+0x1cb13e]
V  [jvm.dll+0x25b29d]
V  [jvm.dll+0x25982a]
V  [jvm.dll+0x3f7ea6]
V  [jvm.dll+0x85e9ad]
V  [jvm.dll+0x6d565d]
C  [ucrtbase.dll+0x37b0]
C  [KERNEL32.DLL+0x2e8d7]
C  [ntdll.dll+0x8c53c]


---------------  P R O C E S S  ---------------

Threads class SMR info:
_java_thread_list=0x000001f67f729870, length=57, elements={
0x000001f61ade9b20, 0x000001f61d1ce660, 0x000001f61d2c3850, 0x000001f61d2c6620,
0x000001f61d2c9480, 0x000001f61d2ce0c0, 0x000001f61d2d9390, 0x000001f676080870,
0x000001f676083a90, 0x000001f676184090, 0x000001f676198820, 0x000001f61d2d65a0,
0x000001f61d2d7fe0, 0x000001f61d2d8d00, 0x000001f61d2d9a20, 0x000001f61d2d6c30,
0x000001f61d2d72c0, 0x000001f61d2d7950, 0x000001f61d2d8670, 0x000001f67d0d9ca0,
0x000001f67d2ee5c0, 0x000001f67d2ef2e0, 0x000001f67d2f0000, 0x000001f67d2eec50,
0x000001f67d2ef970, 0x000001f67d2f0690, 0x000001f67d2f0d20, 0x000001f67d2f13b0,
0x000001f67d2edf30, 0x000001f67d2f4ec0, 0x000001f67d2f41a0, 0x000001f67d2f4830,
0x000001f67d2f1a40, 0x000001f67d2f20d0, 0x000001f67d2f3b10, 0x000001f67d2f5550,
0x000001f67d2f2760, 0x000001f67d2f2df0, 0x000001f67d2f3480, 0x000001f67f6142a0,
0x000001f67f613c10, 0x000001f67f616a00, 0x000001f67f615ce0, 0x000001f67f614fc0,
0x000001f67f614930, 0x000001f67f615650, 0x000001f67f37dad0, 0x000001f67f616370,
0x000001f60001a8e0, 0x000001f600090260, 0x000001f67f6197f0, 0x000001f67f619e80,
0x000001f67f619160, 0x000001f67f61a510, 0x000001f67f617090, 0x000001f67f61aba0,
0x000001f6763494f0
}

Java Threads: ( => current thread )
  0x000001f61ade9b20 JavaThread "main"                              [_thread_blocked, id=14048, stack(0x000000c78f300000,0x000000c78f400000) (1024K)]
  0x000001f61d1ce660 JavaThread "Reference Handler"          daemon [_thread_blocked, id=13560, stack(0x000000c78f700000,0x000000c78f800000) (1024K)]
  0x000001f61d2c3850 JavaThread "Finalizer"                  daemon [_thread_blocked, id=25092, stack(0x000000c78f800000,0x000000c78f900000) (1024K)]
  0x000001f61d2c6620 JavaThread "Signal Dispatcher"          daemon [_thread_blocked, id=11828, stack(0x000000c78f900000,0x000000c78fa00000) (1024K)]
  0x000001f61d2c9480 JavaThread "Attach Listener"            daemon [_thread_blocked, id=8532, stack(0x000000c78fa00000,0x000000c78fb00000) (1024K)]
  0x000001f61d2ce0c0 JavaThread "Service Thread"             daemon [_thread_blocked, id=19496, stack(0x000000c78fb00000,0x000000c78fc00000) (1024K)]
  0x000001f61d2d9390 JavaThread "Monitor Deflation Thread"   daemon [_thread_blocked, id=24148, stack(0x000000c78fc00000,0x000000c78fd00000) (1024K)]
  0x000001f676080870 JavaThread "C2 CompilerThread0"         daemon [_thread_blocked, id=9524, stack(0x000000c78fd00000,0x000000c78fe00000) (1024K)]
  0x000001f676083a90 JavaThread "C1 CompilerThread0"         daemon [_thread_blocked, id=4584, stack(0x000000c78fe00000,0x000000c78ff00000) (1024K)]
  0x000001f676184090 JavaThread "C1 CompilerThread1"         daemon [_thread_blocked, id=24068, stack(0x000000c78ff00000,0x000000c790000000) (1024K)]
  0x000001f676198820 JavaThread "C2 CompilerThread1"         daemon [_thread_blocked, id=15812, stack(0x000000c790100000,0x000000c790200000) (1024K)]
  0x000001f61d2d65a0 JavaThread "Common-Cleaner"             daemon [_thread_blocked, id=24420, stack(0x000000c790300000,0x000000c790400000) (1024K)]
  0x000001f61d2d7fe0 JavaThread "Notification Thread"        daemon [_thread_blocked, id=15128, stack(0x000000c790500000,0x000000c790600000) (1024K)]
  0x000001f61d2d8d00 JavaThread "Active Thread: Equinox Container: 3f904808-2a28-4b4f-ae50-05cf1eaa3aa3"        [_thread_blocked, id=22816, stack(0x000000c790d00000,0x000000c790e00000) (1024K)]
  0x000001f61d2d9a20 JavaThread "Refresh Thread: Equinox Container: 3f904808-2a28-4b4f-ae50-05cf1eaa3aa3" daemon [_thread_blocked, id=22980, stack(0x000000c790f00000,0x000000c791000000) (1024K)]
  0x000001f61d2d6c30 JavaThread "Framework Event Dispatcher: Equinox Container: 3f904808-2a28-4b4f-ae50-05cf1eaa3aa3" daemon [_thread_blocked, id=7028, stack(0x000000c791000000,0x000000c791100000) (1024K)]
  0x000001f61d2d72c0 JavaThread "Start Level: Equinox Container: 3f904808-2a28-4b4f-ae50-05cf1eaa3aa3" daemon [_thread_blocked, id=24668, stack(0x000000c791100000,0x000000c791200000) (1024K)]
  0x000001f61d2d7950 JavaThread "Bundle File Closer"         daemon [_thread_blocked, id=19884, stack(0x000000c791500000,0x000000c791600000) (1024K)]
  0x000001f61d2d8670 JavaThread "SCR Component Actor"        daemon [_thread_blocked, id=16280, stack(0x000000c790200000,0x000000c790300000) (1024K)]
  0x000001f67d0d9ca0 JavaThread "C2 CompilerThread2"         daemon [_thread_blocked, id=17724, stack(0x000000c790c00000,0x000000c790d00000) (1024K)]
  0x000001f67d2ee5c0 JavaThread "Worker-JM"                         [_thread_blocked, id=24496, stack(0x000000c791800000,0x000000c791900000) (1024K)]
  0x000001f67d2ef2e0 JavaThread "Worker-0"                          [_thread_blocked, id=16760, stack(0x000000c791900000,0x000000c791a00000) (1024K)]
  0x000001f67d2f0000 JavaThread "Worker-1: Loading available Gradle versions"        [_thread_in_Java, id=22312, stack(0x000000c791a00000,0x000000c791b00000) (1024K)]
  0x000001f67d2eec50 JavaThread "Java indexing"              daemon [_thread_blocked, id=24836, stack(0x000000c791b00000,0x000000c791c00000) (1024K)]
  0x000001f67d2ef970 JavaThread "JNA Cleaner"                daemon [_thread_blocked, id=22756, stack(0x000000c791c00000,0x000000c791d00000) (1024K)]
  0x000001f67d2f0690 JavaThread "Worker-2"                          [_thread_blocked, id=432, stack(0x000000c791f00000,0x000000c792000000) (1024K)]
  0x000001f67d2f0d20 JavaThread "Worker-3"                          [_thread_blocked, id=17524, stack(0x000000c792000000,0x000000c792100000) (1024K)]
  0x000001f67d2f13b0 JavaThread "Worker-4"                          [_thread_blocked, id=4504, stack(0x000000c792100000,0x000000c792200000) (1024K)]
  0x000001f67d2edf30 JavaThread "Worker-5"                          [_thread_blocked, id=16084, stack(0x000000c792200000,0x000000c792300000) (1024K)]
  0x000001f67d2f4ec0 JavaThread "Thread-1"                   daemon [_thread_in_native, id=11988, stack(0x000000c792300000,0x000000c792400000) (1024K)]
  0x000001f67d2f41a0 JavaThread "Thread-2"                   daemon [_thread_in_native, id=24944, stack(0x000000c792400000,0x000000c792500000) (1024K)]
  0x000001f67d2f4830 JavaThread "Thread-3"                   daemon [_thread_in_native, id=1512, stack(0x000000c792500000,0x000000c792600000) (1024K)]
  0x000001f67d2f1a40 JavaThread "Thread-4"                   daemon [_thread_in_native, id=2280, stack(0x000000c792600000,0x000000c792700000) (1024K)]
  0x000001f67d2f20d0 JavaThread "Thread-5"                   daemon [_thread_in_native, id=25948, stack(0x000000c792700000,0x000000c792800000) (1024K)]
  0x000001f67d2f3b10 JavaThread "Thread-6"                   daemon [_thread_in_native, id=16628, stack(0x000000c792800000,0x000000c792900000) (1024K)]
  0x000001f67d2f5550 JavaThread "Thread-7"                   daemon [_thread_in_native, id=428, stack(0x000000c792900000,0x000000c792a00000) (1024K)]
  0x000001f67d2f2760 JavaThread "Thread-8"                   daemon [_thread_in_native, id=17632, stack(0x000000c792a00000,0x000000c792b00000) (1024K)]
  0x000001f67d2f2df0 JavaThread "Thread-9"                   daemon [_thread_in_native, id=21500, stack(0x000000c792b00000,0x000000c792c00000) (1024K)]
  0x000001f67d2f3480 JavaThread "Thread-10"                  daemon [_thread_in_native, id=17508, stack(0x000000c792c00000,0x000000c792d00000) (1024K)]
  0x000001f67f6142a0 JavaThread "Thread-11"                  daemon [_thread_in_native, id=17600, stack(0x000000c792d00000,0x000000c792e00000) (1024K)]
  0x000001f67f613c10 JavaThread "Thread-12"                  daemon [_thread_in_native, id=164, stack(0x000000c792e00000,0x000000c792f00000) (1024K)]
  0x000001f67f616a00 JavaThread "Thread-13"                  daemon [_thread_in_native, id=15288, stack(0x000000c792f00000,0x000000c793000000) (1024K)]
  0x000001f67f615ce0 JavaThread "Thread-14"                  daemon [_thread_in_native, id=24312, stack(0x000000c793000000,0x000000c793100000) (1024K)]
  0x000001f67f614fc0 JavaThread "Thread-15"                  daemon [_thread_in_native, id=15940, stack(0x000000c793100000,0x000000c793200000) (1024K)]
  0x000001f67f614930 JavaThread "Thread-16"                  daemon [_thread_in_native, id=1572, stack(0x000000c793200000,0x000000c793300000) (1024K)]
  0x000001f67f615650 JavaThread "Thread-17"                  daemon [_thread_in_native, id=7856, stack(0x000000c793300000,0x000000c793400000) (1024K)]
=>0x000001f67f37dad0 JavaThread "C2 CompilerThread3"         daemon [_thread_in_native, id=14232, stack(0x000000c793400000,0x000000c793500000) (1024K)]
  0x000001f67f616370 JavaThread "pool-2-thread-1"                   [_thread_blocked, id=12204, stack(0x000000c793500000,0x000000c793600000) (1024K)]
  0x000001f60001a8e0 JavaThread "C2 CompilerThread4"         daemon [_thread_blocked, id=7100, stack(0x000000c793600000,0x000000c793700000) (1024K)]
  0x000001f600090260 JavaThread "C2 CompilerThread5"         daemon [_thread_in_native, id=15520, stack(0x000000c793700000,0x000000c793800000) (1024K)]
  0x000001f67f6197f0 JavaThread "WorkspaceEventsHandler"            [_thread_blocked, id=17392, stack(0x000000c793900000,0x000000c793a00000) (1024K)]
  0x000001f67f619e80 JavaThread "pool-1-thread-1"                   [_thread_blocked, id=17536, stack(0x000000c793a00000,0x000000c793b00000) (1024K)]
  0x000001f67f619160 JavaThread "Process monitor for PID 15108" daemon [_thread_in_native, id=16148, stack(0x000000c793c00000,0x000000c793d00000) (1024K)]
  0x000001f67f61a510 JavaThread "Output Stream Monitor for PID 15108" daemon [_thread_in_native, id=21196, stack(0x000000c793d00000,0x000000c793e00000) (1024K)]
  0x000001f67f617090 JavaThread "Error Stream Monitor for PID 15108" daemon [_thread_in_native, id=23740, stack(0x000000c793e00000,0x000000c793f00000) (1024K)]
  0x000001f67f61aba0 JavaThread "Input Stream Monitor for PID 15108" daemon [_thread_blocked, id=2572, stack(0x000000c793f00000,0x000000c794000000) (1024K)]
  0x000001f6763494f0 JavaThread "C1 CompilerThread2"         daemon [_thread_blocked, id=13972, stack(0x000000c790000000,0x000000c790100000) (1024K)]
Total: 57

Other Threads:
  0x000001f61d2c1c00 VMThread "VM Thread"                           [id=12948, stack(0x000000c78f600000,0x000000c78f700000) (1024K)]
  0x000001f61d0aca00 WatcherThread "VM Periodic Task Thread"        [id=21516, stack(0x000000c78f500000,0x000000c78f600000) (1024K)]
  0x000001f61d23d770 WorkerThread "GC Thread#0"                     [id=26368, stack(0x000000c78f400000,0x000000c78f500000) (1024K)]
  0x000001f67c36fb50 WorkerThread "GC Thread#1"                     [id=8460, stack(0x000000c790600000,0x000000c790700000) (1024K)]
  0x000001f67c6577d0 WorkerThread "GC Thread#2"                     [id=9332, stack(0x000000c790700000,0x000000c790800000) (1024K)]
  0x000001f67c657b70 WorkerThread "GC Thread#3"                     [id=8436, stack(0x000000c790800000,0x000000c790900000) (1024K)]
  0x000001f67c657f10 WorkerThread "GC Thread#4"                     [id=15768, stack(0x000000c790900000,0x000000c790a00000) (1024K)]
  0x000001f67c6582b0 WorkerThread "GC Thread#5"                     [id=7600, stack(0x000000c790a00000,0x000000c790b00000) (1024K)]
  0x000001f67c658650 WorkerThread "GC Thread#6"                     [id=11548, stack(0x000000c790b00000,0x000000c790c00000) (1024K)]
  0x000001f67ccb4650 WorkerThread "GC Thread#7"                     [id=23572, stack(0x000000c790e00000,0x000000c790f00000) (1024K)]
  0x000001f67c9b2060 WorkerThread "GC Thread#8"                     [id=13440, stack(0x000000c791200000,0x000000c791300000) (1024K)]
  0x000001f67c9b1580 WorkerThread "GC Thread#9"                     [id=17740, stack(0x000000c791300000,0x000000c791400000) (1024K)]
  0x000001f67c9b11e0 WorkerThread "GC Thread#10"                    [id=8984, stack(0x000000c791400000,0x000000c791500000) (1024K)]
  0x000001f67c9b1cc0 WorkerThread "GC Thread#11"                    [id=5052, stack(0x000000c791600000,0x000000c791700000) (1024K)]
  0x000001f67c9b1920 WorkerThread "GC Thread#12"                    [id=12056, stack(0x000000c791700000,0x000000c791800000) (1024K)]
Total: 15

Threads with active compile tasks:
C2 CompilerThread3  9236 6108       4       java.lang.invoke.MemberName::getMethodOrFieldType (72 bytes)
C2 CompilerThread5  9236 6601       4       sun.security.ec.ECOperations::setDouble (463 bytes)
Total: 2

VM state: not at safepoint (normal execution)

VM Mutex/Monitor currently owned by a thread: None

Heap address: 0x0000000080000000, size: 2048 MB, Compressed Oops mode: 32-bit

CDS archive(s) mapped at: [0x000001f634000000-0x000001f634ba0000-0x000001f634ba0000), size 12189696, SharedBaseAddress: 0x000001f634000000, ArchiveRelocationMode: 1.
Compressed class space mapped at: 0x000001f635000000-0x000001f675000000, reserved size: 1073741824
Narrow klass base: 0x000001f634000000, Narrow klass shift: 0, Narrow klass range: 0x100000000

GC Precious Log:
 CardTable entry size: 512
 CPUs: 16 total, 16 available
 Memory: 16202M
 Large Page Support: Disabled
 NUMA Support: Disabled
 Compressed Oops: Enabled (32-bit)
 Alignments: Space 512K, Generation 512K, Heap 2M
 Heap Min Capacity: 100M
 Heap Initial Capacity: 100M
 Heap Max Capacity: 2G
 Pre-touch: Disabled
 Parallel Workers: 13

Heap:
 PSYoungGen      total 24064K, used 15976K [0x00000000d5580000, 0x00000000d7000000, 0x0000000100000000)
  eden space 22016K, 64% used [0x00000000d5580000,0x00000000d6375218,0x00000000d6b00000)
  from space 2048K, 82% used [0x00000000d6e00000,0x00000000d6fa5130,0x00000000d7000000)
  to   space 2048K, 0% used [0x00000000d6c00000,0x00000000d6c00000,0x00000000d6e00000)
 ParOldGen       total 68608K, used 22159K [0x0000000080000000, 0x0000000084300000, 0x00000000d5580000)
  object space 68608K, 32% used [0x0000000080000000,0x00000000815a3f60,0x0000000084300000)
 Metaspace       used 48501K, committed 49600K, reserved 1114112K
  class space    used 5325K, committed 5760K, reserved 1048576K

Card table byte_map: [0x000001f61cbc0000,0x000001f61cfd0000] _byte_map_base: 0x000001f61c7c0000

Marking Bits: (ParMarkBitMap*) 0x00007ffa95672460
 Begin Bits: [0x000001f62f6d0000, 0x000001f6316d0000)
 End Bits:   [0x000001f6316d0000, 0x000001f6336d0000)

Polling page: 0x000001f61b280000

Metaspace:

Usage:
  Non-class:     42.16 MB used.
      Class:      5.20 MB used.
       Both:     47.36 MB used.

Virtual space:
  Non-class space:       64.00 MB reserved,      42.81 MB ( 67%) committed,  1 nodes.
      Class space:        1.00 GB reserved,       5.62 MB ( <1%) committed,  1 nodes.
             Both:        1.06 GB reserved,      48.44 MB (  4%) committed. 

Chunk freelists:
   Non-Class:  4.75 MB
       Class:  10.28 MB
        Both:  15.03 MB

MaxMetaspaceSize: unlimited
CompressedClassSpaceSize: 1.00 GB
Initial GC threshold: 21.00 MB
Current GC threshold: 58.38 MB
CDS: on
 - commit_granule_bytes: 65536.
 - commit_granule_words: 8192.
 - virtual_space_node_default_size: 8388608.
 - enlarge_chunks_in_place: 1.
 - use_allocation_guard: 0.


Internal statistics:

num_allocs_failed_limit: 6.
num_arena_births: 790.
num_arena_deaths: 26.
num_vsnodes_births: 2.
num_vsnodes_deaths: 0.
num_space_committed: 775.
num_space_uncommitted: 0.
num_chunks_returned_to_freelist: 36.
num_chunks_taken_from_freelist: 2717.
num_chunk_merges: 8.
num_chunk_splits: 1702.
num_chunks_enlarged: 1053.
num_inconsistent_stats: 0.

CodeHeap 'non-profiled nmethods': size=119168Kb used=3285Kb max_used=3285Kb free=115882Kb
 bounds [0x000001f627fc0000, 0x000001f628300000, 0x000001f62f420000]
CodeHeap 'profiled nmethods': size=119104Kb used=13052Kb max_used=13052Kb free=106051Kb
 bounds [0x000001f620420000, 0x000001f6210e0000, 0x000001f627870000]
CodeHeap 'non-nmethods': size=7488Kb used=2523Kb max_used=3157Kb free=4964Kb
 bounds [0x000001f627870000, 0x000001f627b90000, 0x000001f627fc0000]
CodeCache: size=245760Kb, used=18860Kb, max_used=19494Kb, free=226897Kb
 total_blobs=6787, nmethods=6090, adapters=601, full_count=0
Compilation: enabled, stopped_count=0, restarted_count=0

Compilation events (20 events):
Event: 7.084 Thread 0x000001f676184090 nmethod 6599 0x000001f6210aca10 code [0x000001f6210acbe0, 0x000001f6210acf30]
Event: 7.084 Thread 0x000001f60001a8e0 6590       4       sun.security.ec.point.ProjectivePoint$Mutable::conditionalSet (53 bytes)
Event: 7.084 Thread 0x000001f67f744430 nmethod 6577 0x000001f6282de190 code [0x000001f6282de360, 0x000001f6282de7a0]
Event: 7.085 Thread 0x000001f67f744430 6576       4       sun.security.util.math.intpoly.IntegerPolynomialP256::reduce (40 bytes)
Event: 7.086 Thread 0x000001f600090260 nmethod 6581 0x000001f6282dea10 code [0x000001f6282debe0, 0x000001f6282df020]
Event: 7.086 Thread 0x000001f600090260 6601       4       sun.security.ec.ECOperations::setDouble (463 bytes)
Event: 7.086 Thread 0x000001f67f744430 nmethod 6576 0x000001f6282df310 code [0x000001f6282df4a0, 0x000001f6282df5d8]
Event: 7.087 Thread 0x000001f67f744430 6602       4       sun.security.ec.ECOperations$PointMultiplier::lookup (84 bytes)
Event: 7.093 Thread 0x000001f676198820 nmethod 6568 0x000001f6282df710 code [0x000001f6282df8c0, 0x000001f6282e0390]
Event: 7.093 Thread 0x000001f676198820 6603       4       sun.security.util.math.intpoly.IntegerPolynomial$MutableElement::setAdditiveInverse (32 bytes)
Event: 7.093 Thread 0x000001f67d0d9ca0 nmethod 6588 0x000001f6282e0610 code [0x000001f6282e07c0, 0x000001f6282e0d18]
Event: 7.098 Thread 0x000001f676198820 nmethod 6603 0x000001f6282e0e90 code [0x000001f6282e1020, 0x000001f6282e11c0]
Event: 7.105 Thread 0x000001f676083a90 6604       3       sun.security.ec.ECOperations$PointMultiplier$Secp256R1GeneratorMultiplier::bit (13 bytes)
Event: 7.105 Thread 0x000001f676083a90 nmethod 6604 0x000001f6210ad110 code [0x000001f6210ad2a0, 0x000001f6210ad3c8]
Event: 7.106 Thread 0x000001f60001a8e0 nmethod 6590 0x000001f6282e1290 code [0x000001f6282e1480, 0x000001f6282e1cd0]
Event: 7.112 Thread 0x000001f67f744430 nmethod 6602 0x000001f6282e2110 code [0x000001f6282e2300, 0x000001f6282e2cf0]
Event: 7.158 Thread 0x000001f676080870 nmethod 5935 0x000001f6282e3290 code [0x000001f6282e3ee0, 0x000001f6282ed0f0]
Event: 7.467 Thread 0x000001f676185870 6605       3       java.lang.invoke.VarHandleGuards::guard_LII_Z (86 bytes)
Event: 7.467 Thread 0x000001f676083a90 6606       3       java.lang.invoke.VarHandleInts$FieldInstanceReadWrite::compareAndSet (32 bytes)
Event: 7.468 Thread 0x000001f676083a90 nmethod 6606 0x000001f6210ad490 code [0x000001f6210ad680, 0x000001f6210adc10]

GC Heap History (20 events):
Event: 4.116 GC heap before
{Heap before GC invocations=11 (full 1):
 PSYoungGen      total 24576K, used 24100K [0x00000000d5580000, 0x00000000d7580000, 0x0000000100000000)
  eden space 23552K, 100% used [0x00000000d5580000,0x00000000d6c80000,0x00000000d6c80000)
  from space 1024K, 53% used [0x00000000d6e80000,0x00000000d6f09228,0x00000000d6f80000)
  to   space 2560K, 0% used [0x00000000d7300000,0x00000000d7300000,0x00000000d7580000)
 ParOldGen       total 68608K, used 13679K [0x0000000080000000, 0x0000000084300000, 0x00000000d5580000)
  object space 68608K, 19% used [0x0000000080000000,0x0000000080d5bc08,0x0000000084300000)
 Metaspace       used 25932K, committed 26816K, reserved 1114112K
  class space    used 2519K, committed 2880K, reserved 1048576K
}
Event: 4.118 GC heap after
{Heap after GC invocations=11 (full 1):
 PSYoungGen      total 25600K, used 2547K [0x00000000d5580000, 0x00000000d7580000, 0x0000000100000000)
  eden space 23040K, 0% used [0x00000000d5580000,0x00000000d5580000,0x00000000d6c00000)
  from space 2560K, 99% used [0x00000000d7300000,0x00000000d757cd28,0x00000000d7580000)
  to   space 3072K, 0% used [0x00000000d6f80000,0x00000000d6f80000,0x00000000d7280000)
 ParOldGen       total 68608K, used 13759K [0x0000000080000000, 0x0000000084300000, 0x00000000d5580000)
  object space 68608K, 20% used [0x0000000080000000,0x0000000080d6fc08,0x0000000084300000)
 Metaspace       used 25932K, committed 26816K, reserved 1114112K
  class space    used 2519K, committed 2880K, reserved 1048576K
}
Event: 4.510 GC heap before
{Heap before GC invocations=12 (full 1):
 PSYoungGen      total 25600K, used 25587K [0x00000000d5580000, 0x00000000d7580000, 0x0000000100000000)
  eden space 23040K, 100% used [0x00000000d5580000,0x00000000d6c00000,0x00000000d6c00000)
  from space 2560K, 99% used [0x00000000d7300000,0x00000000d757cd28,0x00000000d7580000)
  to   space 3072K, 0% used [0x00000000d6f80000,0x00000000d6f80000,0x00000000d7280000)
 ParOldGen       total 68608K, used 13759K [0x0000000080000000, 0x0000000084300000, 0x00000000d5580000)
  object space 68608K, 20% used [0x0000000080000000,0x0000000080d6fc08,0x0000000084300000)
 Metaspace       used 29746K, committed 30656K, reserved 1114112K
  class space    used 2936K, committed 3328K, reserved 1048576K
}
Event: 4.512 GC heap after
{Heap after GC invocations=12 (full 1):
 PSYoungGen      total 24576K, used 1923K [0x00000000d5580000, 0x00000000d7380000, 0x0000000100000000)
  eden space 22528K, 0% used [0x00000000d5580000,0x00000000d5580000,0x00000000d6b80000)
  from space 2048K, 93% used [0x00000000d6f80000,0x00000000d7160e88,0x00000000d7180000)
  to   space 2048K, 0% used [0x00000000d7180000,0x00000000d7180000,0x00000000d7380000)
 ParOldGen       total 68608K, used 16282K [0x0000000080000000, 0x0000000084300000, 0x00000000d5580000)
  object space 68608K, 23% used [0x0000000080000000,0x0000000080fe6a90,0x0000000084300000)
 Metaspace       used 29746K, committed 30656K, reserved 1114112K
  class space    used 2936K, committed 3328K, reserved 1048576K
}
Event: 4.647 GC heap before
{Heap before GC invocations=13 (full 1):
 PSYoungGen      total 24576K, used 24451K [0x00000000d5580000, 0x00000000d7380000, 0x0000000100000000)
  eden space 22528K, 99% used [0x00000000d5580000,0x00000000d6b7fdc0,0x00000000d6b80000)
  from space 2048K, 93% used [0x00000000d6f80000,0x00000000d7160e88,0x00000000d7180000)
  to   space 2048K, 0% used [0x00000000d7180000,0x00000000d7180000,0x00000000d7380000)
 ParOldGen       total 68608K, used 16282K [0x0000000080000000, 0x0000000084300000, 0x00000000d5580000)
  object space 68608K, 23% used [0x0000000080000000,0x0000000080fe6a90,0x0000000084300000)
 Metaspace       used 32529K, committed 33600K, reserved 1114112K
  class space    used 3261K, committed 3712K, reserved 1048576K
}
Event: 4.650 GC heap after
{Heap after GC invocations=13 (full 1):
 PSYoungGen      total 24064K, used 2034K [0x00000000d5580000, 0x00000000d7800000, 0x0000000100000000)
  eden space 22016K, 0% used [0x00000000d5580000,0x00000000d5580000,0x00000000d6b00000)
  from space 2048K, 99% used [0x00000000d7180000,0x00000000d737cb60,0x00000000d7380000)
  to   space 6656K, 0% used [0x00000000d6b00000,0x00000000d6b00000,0x00000000d7180000)
 ParOldGen       total 68608K, used 20025K [0x0000000080000000, 0x0000000084300000, 0x00000000d5580000)
  object space 68608K, 29% used [0x0000000080000000,0x000000008138e490,0x0000000084300000)
 Metaspace       used 32529K, committed 33600K, reserved 1114112K
  class space    used 3261K, committed 3712K, reserved 1048576K
}
Event: 4.802 GC heap before
{Heap before GC invocations=14 (full 1):
 PSYoungGen      total 24064K, used 15738K [0x00000000d5580000, 0x00000000d7800000, 0x0000000100000000)
  eden space 22016K, 62% used [0x00000000d5580000,0x00000000d62e2088,0x00000000d6b00000)
  from space 2048K, 99% used [0x00000000d7180000,0x00000000d737cb60,0x00000000d7380000)
  to   space 6656K, 0% used [0x00000000d6b00000,0x00000000d6b00000,0x00000000d7180000)
 ParOldGen       total 68608K, used 20025K [0x0000000080000000, 0x0000000084300000, 0x00000000d5580000)
  object space 68608K, 29% used [0x0000000080000000,0x000000008138e490,0x0000000084300000)
 Metaspace       used 34812K, committed 35840K, reserved 1114112K
  class space    used 3547K, committed 3968K, reserved 1048576K
}
Event: 4.804 GC heap after
{Heap after GC invocations=14 (full 1):
 PSYoungGen      total 23040K, used 832K [0x00000000d5580000, 0x00000000d7200000, 0x0000000100000000)
  eden space 22016K, 0% used [0x00000000d5580000,0x00000000d5580000,0x00000000d6b00000)
  from space 1024K, 81% used [0x00000000d6b00000,0x00000000d6bd0000,0x00000000d6c00000)
  to   space 3072K, 0% used [0x00000000d6f00000,0x00000000d6f00000,0x00000000d7200000)
 ParOldGen       total 68608K, used 21784K [0x0000000080000000, 0x0000000084300000, 0x00000000d5580000)
  object space 68608K, 31% used [0x0000000080000000,0x0000000081546350,0x0000000084300000)
 Metaspace       used 34812K, committed 35840K, reserved 1114112K
  class space    used 3547K, committed 3968K, reserved 1048576K
}
Event: 4.804 GC heap before
{Heap before GC invocations=15 (full 2):
 PSYoungGen      total 23040K, used 832K [0x00000000d5580000, 0x00000000d7200000, 0x0000000100000000)
  eden space 22016K, 0% used [0x00000000d5580000,0x00000000d5580000,0x00000000d6b00000)
  from space 1024K, 81% used [0x00000000d6b00000,0x00000000d6bd0000,0x00000000d6c00000)
  to   space 3072K, 0% used [0x00000000d6f00000,0x00000000d6f00000,0x00000000d7200000)
 ParOldGen       total 68608K, used 21784K [0x0000000080000000, 0x0000000084300000, 0x00000000d5580000)
  object space 68608K, 31% used [0x0000000080000000,0x0000000081546350,0x0000000084300000)
 Metaspace       used 34812K, committed 35840K, reserved 1114112K
  class space    used 3547K, committed 3968K, reserved 1048576K
}
Event: 4.842 GC heap after
{Heap after GC invocations=15 (full 2):
 PSYoungGen      total 23040K, used 0K [0x00000000d5580000, 0x00000000d7200000, 0x0000000100000000)
  eden space 22016K, 0% used [0x00000000d5580000,0x00000000d5580000,0x00000000d6b00000)
  from space 1024K, 0% used [0x00000000d6b00000,0x00000000d6b00000,0x00000000d6c00000)
  to   space 3072K, 0% used [0x00000000d6f00000,0x00000000d6f00000,0x00000000d7200000)
 ParOldGen       total 68608K, used 18884K [0x0000000080000000, 0x0000000084300000, 0x00000000d5580000)
  object space 68608K, 27% used [0x0000000080000000,0x0000000081271230,0x0000000084300000)
 Metaspace       used 34802K, committed 35840K, reserved 1114112K
  class space    used 3544K, committed 3968K, reserved 1048576K
}
Event: 5.260 GC heap before
{Heap before GC invocations=16 (full 2):
 PSYoungGen      total 23040K, used 22016K [0x00000000d5580000, 0x00000000d7200000, 0x0000000100000000)
  eden space 22016K, 100% used [0x00000000d5580000,0x00000000d6b00000,0x00000000d6b00000)
  from space 1024K, 0% used [0x00000000d6b00000,0x00000000d6b00000,0x00000000d6c00000)
  to   space 3072K, 0% used [0x00000000d6f00000,0x00000000d6f00000,0x00000000d7200000)
 ParOldGen       total 68608K, used 18884K [0x0000000080000000, 0x0000000084300000, 0x00000000d5580000)
  object space 68608K, 27% used [0x0000000080000000,0x0000000081271230,0x0000000084300000)
 Metaspace       used 37569K, committed 38592K, reserved 1114112K
  class space    used 3930K, committed 4352K, reserved 1048576K
}
Event: 5.262 GC heap after
{Heap after GC invocations=16 (full 2):
 PSYoungGen      total 23552K, used 1062K [0x00000000d5580000, 0x00000000d7080000, 0x0000000100000000)
  eden space 22016K, 0% used [0x00000000d5580000,0x00000000d5580000,0x00000000d6b00000)
  from space 1536K, 69% used [0x00000000d6f00000,0x00000000d7009b48,0x00000000d7080000)
  to   space 1536K, 0% used [0x00000000d6d80000,0x00000000d6d80000,0x00000000d6f00000)
 ParOldGen       total 68608K, used 18892K [0x0000000080000000, 0x0000000084300000, 0x00000000d5580000)
  object space 68608K, 27% used [0x0000000080000000,0x0000000081273230,0x0000000084300000)
 Metaspace       used 37569K, committed 38592K, reserved 1114112K
  class space    used 3930K, committed 4352K, reserved 1048576K
}
Event: 5.633 GC heap before
{Heap before GC invocations=17 (full 2):
 PSYoungGen      total 23552K, used 23078K [0x00000000d5580000, 0x00000000d7080000, 0x0000000100000000)
  eden space 22016K, 100% used [0x00000000d5580000,0x00000000d6b00000,0x00000000d6b00000)
  from space 1536K, 69% used [0x00000000d6f00000,0x00000000d7009b48,0x00000000d7080000)
  to   space 1536K, 0% used [0x00000000d6d80000,0x00000000d6d80000,0x00000000d6f00000)
 ParOldGen       total 68608K, used 18892K [0x0000000080000000, 0x0000000084300000, 0x00000000d5580000)
  object space 68608K, 27% used [0x0000000080000000,0x0000000081273230,0x0000000084300000)
 Metaspace       used 38817K, committed 39872K, reserved 1114112K
  class space    used 4094K, committed 4544K, reserved 1048576K
}
Event: 5.634 GC heap after
{Heap after GC invocations=17 (full 2):
 PSYoungGen      total 23040K, used 640K [0x00000000d5580000, 0x00000000d6f80000, 0x0000000100000000)
  eden space 22016K, 0% used [0x00000000d5580000,0x00000000d5580000,0x00000000d6b00000)
  from space 1024K, 62% used [0x00000000d6d80000,0x00000000d6e20000,0x00000000d6e80000)
  to   space 1024K, 0% used [0x00000000d6e80000,0x00000000d6e80000,0x00000000d6f80000)
 ParOldGen       total 68608K, used 19668K [0x0000000080000000, 0x0000000084300000, 0x00000000d5580000)
  object space 68608K, 28% used [0x0000000080000000,0x0000000081335250,0x0000000084300000)
 Metaspace       used 38817K, committed 39872K, reserved 1114112K
  class space    used 4094K, committed 4544K, reserved 1048576K
}
Event: 5.923 GC heap before
{Heap before GC invocations=18 (full 2):
 PSYoungGen      total 23040K, used 22656K [0x00000000d5580000, 0x00000000d6f80000, 0x0000000100000000)
  eden space 22016K, 100% used [0x00000000d5580000,0x00000000d6b00000,0x00000000d6b00000)
  from space 1024K, 62% used [0x00000000d6d80000,0x00000000d6e20000,0x00000000d6e80000)
  to   space 1024K, 0% used [0x00000000d6e80000,0x00000000d6e80000,0x00000000d6f80000)
 ParOldGen       total 68608K, used 19668K [0x0000000080000000, 0x0000000084300000, 0x00000000d5580000)
  object space 68608K, 28% used [0x0000000080000000,0x0000000081335250,0x0000000084300000)
 Metaspace       used 41128K, committed 42176K, reserved 1114112K
  class space    used 4391K, committed 4864K, reserved 1048576K
}
Event: 5.925 GC heap after
{Heap after GC invocations=18 (full 2):
 PSYoungGen      total 23040K, used 992K [0x00000000d5580000, 0x00000000d6f80000, 0x0000000100000000)
  eden space 22016K, 0% used [0x00000000d5580000,0x00000000d5580000,0x00000000d6b00000)
  from space 1024K, 96% used [0x00000000d6e80000,0x00000000d6f78000,0x00000000d6f80000)
  to   space 1536K, 0% used [0x00000000d6c80000,0x00000000d6c80000,0x00000000d6e00000)
 ParOldGen       total 68608K, used 20068K [0x0000000080000000, 0x0000000084300000, 0x00000000d5580000)
  object space 68608K, 29% used [0x0000000080000000,0x0000000081399250,0x0000000084300000)
 Metaspace       used 41128K, committed 42176K, reserved 1114112K
  class space    used 4391K, committed 4864K, reserved 1048576K
}
Event: 6.454 GC heap before
{Heap before GC invocations=19 (full 2):
 PSYoungGen      total 23040K, used 23008K [0x00000000d5580000, 0x00000000d6f80000, 0x0000000100000000)
  eden space 22016K, 100% used [0x00000000d5580000,0x00000000d6b00000,0x00000000d6b00000)
  from space 1024K, 96% used [0x00000000d6e80000,0x00000000d6f78000,0x00000000d6f80000)
  to   space 1536K, 0% used [0x00000000d6c80000,0x00000000d6c80000,0x00000000d6e00000)
 ParOldGen       total 68608K, used 20068K [0x0000000080000000, 0x0000000084300000, 0x00000000d5580000)
  object space 68608K, 29% used [0x0000000080000000,0x0000000081399250,0x0000000084300000)
 Metaspace       used 43722K, committed 44800K, reserved 1114112K
  class space    used 4736K, committed 5184K, reserved 1048576K
}
Event: 6.456 GC heap after
{Heap after GC invocations=19 (full 2):
 PSYoungGen      total 23552K, used 1522K [0x00000000d5580000, 0x00000000d7000000, 0x0000000100000000)
  eden space 22016K, 0% used [0x00000000d5580000,0x00000000d5580000,0x00000000d6b00000)
  from space 1536K, 99% used [0x00000000d6c80000,0x00000000d6dfc8d8,0x00000000d6e00000)
  to   space 2048K, 0% used [0x00000000d6e00000,0x00000000d6e00000,0x00000000d7000000)
 ParOldGen       total 68608K, used 20812K [0x0000000080000000, 0x0000000084300000, 0x00000000d5580000)
  object space 68608K, 30% used [0x0000000080000000,0x0000000081453250,0x0000000084300000)
 Metaspace       used 43722K, committed 44800K, reserved 1114112K
  class space    used 4736K, committed 5184K, reserved 1048576K
}
Event: 6.924 GC heap before
{Heap before GC invocations=20 (full 2):
 PSYoungGen      total 23552K, used 23525K [0x00000000d5580000, 0x00000000d7000000, 0x0000000100000000)
  eden space 22016K, 99% used [0x00000000d5580000,0x00000000d6afcc30,0x00000000d6b00000)
  from space 1536K, 99% used [0x00000000d6c80000,0x00000000d6dfc8d8,0x00000000d6e00000)
  to   space 2048K, 0% used [0x00000000d6e00000,0x00000000d6e00000,0x00000000d7000000)
 ParOldGen       total 68608K, used 20812K [0x0000000080000000, 0x0000000084300000, 0x00000000d5580000)
  object space 68608K, 30% used [0x0000000080000000,0x0000000081453250,0x0000000084300000)
 Metaspace       used 46476K, committed 47616K, reserved 1114112K
  class space    used 5063K, committed 5504K, reserved 1048576K
}
Event: 6.927 GC heap after
{Heap after GC invocations=20 (full 2):
 PSYoungGen      total 24064K, used 1684K [0x00000000d5580000, 0x00000000d7000000, 0x0000000100000000)
  eden space 22016K, 0% used [0x00000000d5580000,0x00000000d5580000,0x00000000d6b00000)
  from space 2048K, 82% used [0x00000000d6e00000,0x00000000d6fa5130,0x00000000d7000000)
  to   space 2048K, 0% used [0x00000000d6c00000,0x00000000d6c00000,0x00000000d6e00000)
 ParOldGen       total 68608K, used 22159K [0x0000000080000000, 0x0000000084300000, 0x00000000d5580000)
  object space 68608K, 32% used [0x0000000080000000,0x00000000815a3f60,0x0000000084300000)
 Metaspace       used 46476K, committed 47616K, reserved 1114112K
  class space    used 5063K, committed 5504K, reserved 1048576K
}

Dll operation events (14 events):
Event: 0.012 Loaded shared library c:\Users\Rakesh\.antigravity\extensions\redhat.java-1.51.0-win32-x64\jre\21.0.9-win32-x86_64\bin\java.dll
Event: 0.079 Loaded shared library c:\Users\Rakesh\.antigravity\extensions\redhat.java-1.51.0-win32-x64\jre\21.0.9-win32-x86_64\bin\zip.dll
Event: 0.098 Loaded shared library C:\Users\Rakesh\.antigravity\extensions\redhat.java-1.51.0-win32-x64\jre\21.0.9-win32-x86_64\bin\instrument.dll
Event: 0.103 Loaded shared library C:\Users\Rakesh\.antigravity\extensions\redhat.java-1.51.0-win32-x64\jre\21.0.9-win32-x86_64\bin\net.dll
Event: 0.106 Loaded shared library C:\Users\Rakesh\.antigravity\extensions\redhat.java-1.51.0-win32-x64\jre\21.0.9-win32-x86_64\bin\nio.dll
Event: 0.109 Loaded shared library C:\Users\Rakesh\.antigravity\extensions\redhat.java-1.51.0-win32-x64\jre\21.0.9-win32-x86_64\bin\zip.dll
Event: 0.122 Loaded shared library C:\Users\Rakesh\.antigravity\extensions\redhat.java-1.51.0-win32-x64\jre\21.0.9-win32-x86_64\bin\jimage.dll
Event: 0.192 Loaded shared library c:\Users\Rakesh\.antigravity\extensions\redhat.java-1.51.0-win32-x64\jre\21.0.9-win32-x86_64\bin\verify.dll
Event: 1.437 Loaded shared library C:\Users\Rakesh\AppData\Roaming\Antigravity\User\globalStorage\redhat.java\1.51.0\config_win\org.eclipse.equinox.launcher\org.eclipse.equinox.launcher.win32.win32.x86_64_1.2.1400.v20250801-0854\eclipse_11916.dll
Event: 2.817 Loaded shared library C:\Users\Rakesh\.antigravity\extensions\redhat.java-1.51.0-win32-x64\jre\21.0.9-win32-x86_64\bin\management.dll
Event: 2.822 Loaded shared library C:\Users\Rakesh\.antigravity\extensions\redhat.java-1.51.0-win32-x64\jre\21.0.9-win32-x86_64\bin\management_ext.dll
Event: 4.376 Loaded shared library C:\Users\Rakesh\AppData\Local\Temp\jna--1854507010\jna1877468165898461276.dll
Event: 4.741 Loaded shared library C:\Users\Rakesh\.antigravity\extensions\redhat.java-1.51.0-win32-x64\jre\21.0.9-win32-x86_64\bin\sunmscapi.dll
Event: 5.125 Loaded shared library C:\Users\Rakesh\.antigravity\extensions\redhat.java-1.51.0-win32-x64\jre\21.0.9-win32-x86_64\bin\extnet.dll

Deoptimization events (20 events):
Event: 7.008 Thread 0x000001f67f619e80 Uncommon trap: trap_request=0xffffff45 fr.pc=0x000001f6282bf840 relative=0x0000000000000300
Event: 7.008 Thread 0x000001f67f619e80 Uncommon trap: reason=unstable_if action=reinterpret pc=0x000001f6282bf840 method=java.io.ByteArrayInputStream.read([BII)I @ 16 c2
Event: 7.008 Thread 0x000001f67f619e80 DEOPT PACKING pc=0x000001f6282bf840 sp=0x000000c793afd3a0
Event: 7.008 Thread 0x000001f67f619e80 DEOPT UNPACKING pc=0x000001f6278c3aa2 sp=0x000000c793afd340 mode 2
Event: 7.024 Thread 0x000001f67f619e80 Uncommon trap: trap_request=0xffffff45 fr.pc=0x000001f628155f60 relative=0x00000000000006a0
Event: 7.024 Thread 0x000001f67f619e80 Uncommon trap: reason=unstable_if action=reinterpret pc=0x000001f628155f60 method=java.util.zip.ZipCoder.hash(Ljava/lang/String;)I @ 11 c2
Event: 7.024 Thread 0x000001f67f619e80 DEOPT PACKING pc=0x000001f628155f60 sp=0x000000c793afdce0
Event: 7.025 Thread 0x000001f67f619e80 DEOPT UNPACKING pc=0x000001f6278c3aa2 sp=0x000000c793afdc30 mode 2
Event: 7.025 Thread 0x000001f67f619e80 Uncommon trap: trap_request=0xffffff6e fr.pc=0x000001f627ffd858 relative=0x0000000000000138
Event: 7.025 Thread 0x000001f67f619e80 Uncommon trap: reason=loop_limit_check action=maybe_recompile pc=0x000001f627ffd858 method=java.lang.StringLatin1.lastIndexOf([BII)I @ 19 c2
Event: 7.025 Thread 0x000001f67f619e80 DEOPT PACKING pc=0x000001f627ffd858 sp=0x000000c793afdb30
Event: 7.025 Thread 0x000001f67f619e80 DEOPT UNPACKING pc=0x000001f6278c3aa2 sp=0x000000c793afdab0 mode 2
Event: 7.025 Thread 0x000001f67f619e80 Uncommon trap: trap_request=0xffffff6e fr.pc=0x000001f6280af898 relative=0x0000000000000178
Event: 7.025 Thread 0x000001f67f619e80 Uncommon trap: reason=loop_limit_check action=maybe_recompile pc=0x000001f6280af898 method=java.lang.StringLatin1.lastIndexOf([BII)I @ 19 c2
Event: 7.025 Thread 0x000001f67f619e80 DEOPT PACKING pc=0x000001f6280af898 sp=0x000000c793afdcc0
Event: 7.025 Thread 0x000001f67f619e80 DEOPT UNPACKING pc=0x000001f6278c3aa2 sp=0x000000c793afdb78 mode 2
Event: 7.037 Thread 0x000001f67d2f0000 Uncommon trap: trap_request=0xffffffde fr.pc=0x000001f6280db670 relative=0x0000000000000510
Event: 7.037 Thread 0x000001f67d2f0000 Uncommon trap: reason=class_check action=maybe_recompile pc=0x000001f6280db670 method=java.util.ImmutableCollections$MapN.probe(Ljava/lang/Object;)I @ 1 c2
Event: 7.037 Thread 0x000001f67d2f0000 DEOPT PACKING pc=0x000001f6280db670 sp=0x000000c791afe4c0
Event: 7.037 Thread 0x000001f67d2f0000 DEOPT UNPACKING pc=0x000001f6278c3aa2 sp=0x000000c791afe400 mode 2

Classes loaded (20 events):
Event: 7.038 Loading class java/security/interfaces/ECPrivateKey done
Event: 7.039 Loading class sun/security/util/ArrayUtil
Event: 7.039 Loading class sun/security/util/ArrayUtil done
Event: 7.045 Loading class sun/security/util/math/IntegerModuloP$MultiplicativeInverser$Secp256R1
Event: 7.045 Loading class sun/security/util/math/IntegerModuloP$MultiplicativeInverser$Secp256R1 done
Event: 7.054 Loading class java/lang/ProcessImpl$2
Event: 7.055 Loading class java/lang/ProcessImpl$2 done
Event: 7.055 Loading class java/lang/Process$PipeInputStream
Event: 7.056 Loading class java/lang/Process$PipeInputStream done
Event: 7.056 Loading class jdk/internal/event/ProcessStartEvent
Event: 7.056 Loading class jdk/internal/event/ProcessStartEvent done
Event: 7.067 Loading class java/lang/IllegalThreadStateException
Event: 7.067 Loading class java/lang/IllegalThreadStateException done
Event: 7.106 Loading class sun/security/ssl/KeyShareExtension$CHKeyShareSpec
Event: 7.106 Loading class sun/security/ssl/KeyShareExtension$CHKeyShareSpec done
Event: 7.106 Loading class sun/security/ssl/OutputRecord$T13PaddingHolder
Event: 7.107 Loading class sun/security/ssl/OutputRecord$T13PaddingHolder done
Event: 7.107 Loading class sun/security/ssl/ContentType
Event: 7.107 Loading class sun/security/ssl/ContentType done
Event: 7.222 Loading class sun/security/ssl/Plaintext

Classes unloaded (13 events):
Event: 3.651 Thread 0x000001f61d2c1c00 Unloading class 0x000001f6351a4000 'java/lang/invoke/LambdaForm$MH+0x000001f6351a4000'
Event: 3.651 Thread 0x000001f61d2c1c00 Unloading class 0x000001f6351a3c00 'java/lang/invoke/LambdaForm$MH+0x000001f6351a3c00'
Event: 3.651 Thread 0x000001f61d2c1c00 Unloading class 0x000001f6351a3800 'java/lang/invoke/LambdaForm$MH+0x000001f6351a3800'
Event: 3.651 Thread 0x000001f61d2c1c00 Unloading class 0x000001f6351a3400 'java/lang/invoke/LambdaForm$MH+0x000001f6351a3400'
Event: 3.651 Thread 0x000001f61d2c1c00 Unloading class 0x000001f6351a3000 'java/lang/invoke/LambdaForm$BMH+0x000001f6351a3000'
Event: 3.651 Thread 0x000001f61d2c1c00 Unloading class 0x000001f6351a2c00 'java/lang/invoke/LambdaForm$DMH+0x000001f6351a2c00'
Event: 3.651 Thread 0x000001f61d2c1c00 Unloading class 0x000001f6351a1800 'java/lang/invoke/LambdaForm$DMH+0x000001f6351a1800'
Event: 4.808 Thread 0x000001f61d2c1c00 Unloading class 0x000001f635355000 'java/lang/invoke/LambdaForm$MH+0x000001f635355000'
Event: 4.808 Thread 0x000001f61d2c1c00 Unloading class 0x000001f635354800 'java/lang/invoke/LambdaForm$MH+0x000001f635354800'
Event: 4.808 Thread 0x000001f61d2c1c00 Unloading class 0x000001f635354000 'java/lang/invoke/LambdaForm$MH+0x000001f635354000'
Event: 4.808 Thread 0x000001f61d2c1c00 Unloading class 0x000001f635353c00 'java/lang/invoke/LambdaForm$MH+0x000001f635353c00'
Event: 4.808 Thread 0x000001f61d2c1c00 Unloading class 0x000001f635353400 'java/lang/invoke/LambdaForm$DMH+0x000001f635353400'
Event: 4.808 Thread 0x000001f61d2c1c00 Unloading class 0x000001f635352c00 'java/lang/invoke/LambdaForm$MH+0x000001f635352c00'

Classes redefined (0 events):
No events

Internal exceptions (20 events):
Event: 6.971 Thread 0x000001f67f619e80 Exception <a 'sun/nio/fs/WindowsException'{0x00000000d5984240}> (0x00000000d5984240) 
thrown [s\src\hotspot\share\prims\jni.cpp, line 520]
Event: 6.981 Thread 0x000001f67f619e80 Exception <a 'sun/nio/fs/WindowsException'{0x00000000d5a17dd8}> (0x00000000d5a17dd8) 
thrown [s\src\hotspot\share\prims\jni.cpp, line 520]
Event: 6.981 Thread 0x000001f67f619e80 Exception <a 'sun/nio/fs/WindowsException'{0x00000000d5a18928}> (0x00000000d5a18928) 
thrown [s\src\hotspot\share\prims\jni.cpp, line 520]
Event: 6.988 Thread 0x000001f67f619e80 Exception <a 'sun/nio/fs/WindowsException'{0x00000000d5acbed8}> (0x00000000d5acbed8) 
thrown [s\src\hotspot\share\prims\jni.cpp, line 520]
Event: 6.989 Thread 0x000001f67f619e80 Exception <a 'sun/nio/fs/WindowsException'{0x00000000d5acca28}> (0x00000000d5acca28) 
thrown [s\src\hotspot\share\prims\jni.cpp, line 520]
Event: 6.989 Thread 0x000001f67f619e80 Exception <a 'sun/nio/fs/WindowsException'{0x00000000d5acdd78}> (0x00000000d5acdd78) 
thrown [s\src\hotspot\share\prims\jni.cpp, line 520]
Event: 6.989 Thread 0x000001f67f619e80 Exception <a 'sun/nio/fs/WindowsException'{0x00000000d5ace8c8}> (0x00000000d5ace8c8) 
thrown [s\src\hotspot\share\prims\jni.cpp, line 520]
Event: 6.998 Thread 0x000001f67f619e80 Exception <a 'java/lang/NoSuchMethodError'{0x00000000d5bed010}: 'void java.lang.invoke.DirectMethodHandle$Holder.invokeVirtual(java.lang.Object, java.lang.Object, java.lang.Object, java.lang.Object)'> (0x00000000d5bed010) 
thrown [s\src\hotspot\share\interpreter\linkResolver.cpp, line 773]
Event: 7.009 Thread 0x000001f67f619e80 Exception <a 'sun/nio/fs/WindowsException'{0x00000000d5ca72c0}> (0x00000000d5ca72c0) 
thrown [s\src\hotspot\share\prims\jni.cpp, line 520]
Event: 7.009 Thread 0x000001f67f619e80 Exception <a 'sun/nio/fs/WindowsException'{0x00000000d5ca7e10}> (0x00000000d5ca7e10) 
thrown [s\src\hotspot\share\prims\jni.cpp, line 520]
Event: 7.015 Thread 0x000001f67f619e80 Exception <a 'sun/nio/fs/WindowsException'{0x00000000d5d0c728}> (0x00000000d5d0c728) 
thrown [s\src\hotspot\share\prims\jni.cpp, line 520]
Event: 7.015 Thread 0x000001f67f619e80 Exception <a 'sun/nio/fs/WindowsException'{0x00000000d5d0d278}> (0x00000000d5d0d278) 
thrown [s\src\hotspot\share\prims\jni.cpp, line 520]
Event: 7.019 Thread 0x000001f67f619e80 Exception <a 'sun/nio/fs/WindowsException'{0x00000000d5dd7e50}> (0x00000000d5dd7e50) 
thrown [s\src\hotspot\share\prims\jni.cpp, line 520]
Event: 7.023 Thread 0x000001f67f619e80 Exception <a 'sun/nio/fs/WindowsException'{0x00000000d5de31e0}> (0x00000000d5de31e0) 
thrown [s\src\hotspot\share\prims\jni.cpp, line 520]
Event: 7.023 Thread 0x000001f67f619e80 Exception <a 'sun/nio/fs/WindowsException'{0x00000000d5de3830}> (0x00000000d5de3830) 
thrown [s\src\hotspot\share\prims\jni.cpp, line 520]
Event: 7.023 Thread 0x000001f67f619e80 Exception <a 'sun/nio/fs/WindowsException'{0x00000000d5de4240}> (0x00000000d5de4240) 
thrown [s\src\hotspot\share\prims\jni.cpp, line 520]
Event: 7.023 Thread 0x000001f67f619e80 Exception <a 'sun/nio/fs/WindowsException'{0x00000000d5e1f988}> (0x00000000d5e1f988) 
thrown [s\src\hotspot\share\prims\jni.cpp, line 520]
Event: 7.025 Thread 0x000001f67d2ef2e0 Exception <a 'java/lang/NoSuchMethodError'{0x00000000d5e1a1c8}: 'int java.lang.invoke.DirectMethodHandle$Holder.invokeSpecialIFC(java.lang.Object, java.lang.Object, java.lang.Object, java.lang.Object)'> (0x00000000d5e1a1c8) 
thrown [s\src\hotspot\share\interpreter\linkResolver.cpp, line 773]
Event: 7.026 Thread 0x000001f67d2f0690 Exception <a 'java/lang/NoSuchMethodError'{0x00000000d5e34988}: 'int java.lang.invoke.DirectMethodHandle$Holder.invokeSpecialIFC(java.lang.Object, java.lang.Object, java.lang.Object, java.lang.Object)'> (0x00000000d5e34988) 
thrown [s\src\hotspot\share\interpreter\linkResolver.cpp, line 773]
Event: 7.053 Thread 0x000001f67f619e80 Exception <a 'java/lang/NoSuchMethodError'{0x00000000d5e9e6d0}: 'void java.lang.invoke.DirectMethodHandle$Holder.invokeStatic(java.lang.Object, long)'> (0x00000000d5e9e6d0) 
thrown [s\src\hotspot\share\interpreter\linkResolver.cpp, line 773]

ZGC Phase Switch (0 events):
No events

VM Operations (20 events):
Event: 5.726 Executing VM operation: HandshakeAllThreads (Deoptimize) done
Event: 5.811 Executing VM operation: HandshakeAllThreads (Deoptimize)
Event: 5.811 Executing VM operation: HandshakeAllThreads (Deoptimize) done
Event: 5.923 Executing VM operation: ParallelGCFailedAllocation (Allocation Failure)
Event: 5.925 Executing VM operation: ParallelGCFailedAllocation (Allocation Failure) done
Event: 6.175 Executing VM operation: HandshakeAllThreads (Deoptimize)
Event: 6.176 Executing VM operation: HandshakeAllThreads (Deoptimize) done
Event: 6.415 Executing VM operation: ICBufferFull
Event: 6.415 Executing VM operation: ICBufferFull done
Event: 6.442 Executing VM operation: ParallelGCFailedAllocation (Allocation Failure)
Event: 6.456 Executing VM operation: ParallelGCFailedAllocation (Allocation Failure) done
Event: 6.840 Executing VM operation: ICBufferFull
Event: 6.840 Executing VM operation: ICBufferFull done
Event: 6.866 Executing VM operation: HandshakeAllThreads (Deoptimize)
Event: 6.866 Executing VM operation: HandshakeAllThreads (Deoptimize) done
Event: 6.924 Executing VM operation: ParallelGCFailedAllocation (Allocation Failure)
Event: 6.927 Executing VM operation: ParallelGCFailedAllocation (Allocation Failure) done
Event: 6.954 Executing VM operation: HandshakeAllThreads (Deoptimize)
Event: 6.954 Executing VM operation: HandshakeAllThreads (Deoptimize) done
Event: 7.954 Executing VM operation: Cleanup

Memory protections (0 events):
No events

Nmethod flushes (20 events):
Event: 4.824 Thread 0x000001f61d2c1c00 flushing  nmethod 0x000001f620abf410
Event: 4.824 Thread 0x000001f61d2c1c00 flushing  nmethod 0x000001f620adae90
Event: 4.824 Thread 0x000001f61d2c1c00 flushing  nmethod 0x000001f620adb290
Event: 4.824 Thread 0x000001f61d2c1c00 flushing  nmethod 0x000001f620adbb90
Event: 4.824 Thread 0x000001f61d2c1c00 flushing  nmethod 0x000001f620add590
Event: 4.824 Thread 0x000001f61d2c1c00 flushing  nmethod 0x000001f620addd10
Event: 4.824 Thread 0x000001f61d2c1c00 flushing  nmethod 0x000001f620adf290
Event: 4.824 Thread 0x000001f61d2c1c00 flushing  nmethod 0x000001f620adf790
Event: 4.824 Thread 0x000001f61d2c1c00 flushing  nmethod 0x000001f620ae0090
Event: 4.824 Thread 0x000001f61d2c1c00 flushing  nmethod 0x000001f620ae0910
Event: 4.824 Thread 0x000001f61d2c1c00 flushing  nmethod 0x000001f620ae1490
Event: 4.824 Thread 0x000001f61d2c1c00 flushing  nmethod 0x000001f620ae3e10
Event: 4.824 Thread 0x000001f61d2c1c00 flushing  nmethod 0x000001f620ae4790
Event: 4.824 Thread 0x000001f61d2c1c00 flushing  nmethod 0x000001f620ae5890
Event: 4.824 Thread 0x000001f61d2c1c00 flushing  nmethod 0x000001f620ae9810
Event: 4.824 Thread 0x000001f61d2c1c00 flushing  nmethod 0x000001f620b29e90
Event: 4.824 Thread 0x000001f61d2c1c00 flushing  nmethod 0x000001f620b2f110
Event: 4.824 Thread 0x000001f61d2c1c00 flushing  nmethod 0x000001f620b50b10
Event: 4.824 Thread 0x000001f61d2c1c00 flushing  nmethod 0x000001f620bd2910
Event: 4.824 Thread 0x000001f61d2c1c00 flushing  nmethod 0x000001f620c3e490

Events (20 events):
Event: 4.548 Thread 0x000001f61ade9b20 Thread added: 0x000001f67f6142a0
Event: 4.548 Thread 0x000001f61ade9b20 Thread added: 0x000001f67f613c10
Event: 4.548 Thread 0x000001f61ade9b20 Thread added: 0x000001f67f616a00
Event: 4.548 Thread 0x000001f61ade9b20 Thread added: 0x000001f67f615ce0
Event: 4.548 Thread 0x000001f61ade9b20 Thread added: 0x000001f67f614fc0
Event: 4.548 Thread 0x000001f61ade9b20 Thread added: 0x000001f67f614930
Event: 4.549 Thread 0x000001f61ade9b20 Thread added: 0x000001f67f615650
Event: 4.567 Thread 0x000001f676184090 Thread added: 0x000001f67f37dad0
Event: 4.580 Thread 0x000001f61ade9b20 Thread added: 0x000001f67f616370
Event: 4.614 Thread 0x000001f676184090 Thread added: 0x000001f60001a8e0
Event: 4.622 Thread 0x000001f6763494f0 Thread added: 0x000001f600090260
Event: 4.630 Thread 0x000001f676184090 Thread added: 0x000001f67f744430
Event: 5.122 Thread 0x000001f61ade9b20 Thread added: 0x000001f67f6197f0
Event: 5.122 Thread 0x000001f61ade9b20 Thread added: 0x000001f67f619e80
Event: 5.268 Thread 0x000001f676080870 Thread added: 0x000001f602244330
Event: 5.843 Thread 0x000001f602244330 Thread exited: 0x000001f602244330
Event: 7.082 Thread 0x000001f67f619e80 Thread added: 0x000001f67f619160
Event: 7.085 Thread 0x000001f67f619e80 Thread added: 0x000001f67f61a510
Event: 7.085 Thread 0x000001f67f619e80 Thread added: 0x000001f67f617090
Event: 7.086 Thread 0x000001f67f619e80 Thread added: 0x000001f67f61aba0


Dynamic libraries:
0x00007ff659250000 - 0x00007ff65925e000 	c:\Users\Rakesh\.antigravity\extensions\redhat.java-1.51.0-win32-x64\jre\21.0.9-win32-x86_64\bin\java.exe
0x00007ffb183a0000 - 0x00007ffb18607000 	C:\Windows\SYSTEM32\ntdll.dll
0x00007ffb176a0000 - 0x00007ffb17769000 	C:\Windows\System32\KERNEL32.DLL
0x00007ffb15c10000 - 0x00007ffb15fff000 	C:\Windows\System32\KERNELBASE.dll
0x00007ffb15520000 - 0x00007ffb1566b000 	C:\Windows\System32\ucrtbase.dll
0x00007ffaf6410000 - 0x00007ffaf642e000 	c:\Users\Rakesh\.antigravity\extensions\redhat.java-1.51.0-win32-x64\jre\21.0.9-win32-x86_64\bin\VCRUNTIME140.dll
0x00007ffae23d0000 - 0x00007ffae23e8000 	c:\Users\Rakesh\.antigravity\extensions\redhat.java-1.51.0-win32-x64\jre\21.0.9-win32-x86_64\bin\jli.dll
0x00007ffb18190000 - 0x00007ffb18355000 	C:\Windows\System32\USER32.dll
0x00007ffafc560000 - 0x00007ffafc7f3000 	C:\Windows\WinSxS\amd64_microsoft.windows.common-controls_6595b64144ccf1df_6.0.26100.7309_none_3e05feeae336a044\COMCTL32.dll
0x00007ffb154f0000 - 0x00007ffb15517000 	C:\Windows\System32\win32u.dll
0x00007ffb17110000 - 0x00007ffb171b9000 	C:\Windows\System32\msvcrt.dll
0x00007ffb16420000 - 0x00007ffb1644b000 	C:\Windows\System32\GDI32.dll
0x00007ffb16010000 - 0x00007ffb1613c000 	C:\Windows\System32\gdi32full.dll
0x00007ffb15ab0000 - 0x00007ffb15b53000 	C:\Windows\System32\msvcp_win.dll
0x00007ffb16300000 - 0x00007ffb16331000 	C:\Windows\System32\IMM32.DLL
0x00007ffb013d0000 - 0x00007ffb013dc000 	c:\Users\Rakesh\.antigravity\extensions\redhat.java-1.51.0-win32-x64\jre\21.0.9-win32-x86_64\bin\vcruntime140_1.dll
0x00007ffabcab0000 - 0x00007ffabcb3d000 	c:\Users\Rakesh\.antigravity\extensions\redhat.java-1.51.0-win32-x64\jre\21.0.9-win32-x86_64\bin\msvcp140.dll
0x00007ffa949b0000 - 0x00007ffa95750000 	c:\Users\Rakesh\.antigravity\extensions\redhat.java-1.51.0-win32-x64\jre\21.0.9-win32-x86_64\bin\server\jvm.dll
0x00007ffb174e0000 - 0x00007ffb17594000 	C:\Windows\System32\ADVAPI32.dll
0x00007ffb164d0000 - 0x00007ffb16576000 	C:\Windows\System32\sechost.dll
0x00007ffb16140000 - 0x00007ffb16258000 	C:\Windows\System32\RPCRT4.dll
0x00007ffb175a0000 - 0x00007ffb17614000 	C:\Windows\System32\WS2_32.dll
0x00007ffb0cf30000 - 0x00007ffb0cf3b000 	C:\Windows\SYSTEM32\VERSION.dll
0x00007ffb03aa0000 - 0x00007ffb03ad5000 	C:\Windows\SYSTEM32\WINMM.dll
0x00007ffb14100000 - 0x00007ffb1415e000 	C:\Windows\SYSTEM32\POWRPROF.dll
0x00007ffb140e0000 - 0x00007ffb140f4000 	C:\Windows\SYSTEM32\UMPDC.dll
0x00007ffb143c0000 - 0x00007ffb143db000 	C:\Windows\SYSTEM32\kernel.appcore.dll
0x00007ffafe080000 - 0x00007ffafe08a000 	c:\Users\Rakesh\.antigravity\extensions\redhat.java-1.51.0-win32-x64\jre\21.0.9-win32-x86_64\bin\jimage.dll
0x00007ffb03850000 - 0x00007ffb03a92000 	C:\Windows\SYSTEM32\DBGHELP.DLL
0x00007ffb16a20000 - 0x00007ffb16da6000 	C:\Windows\System32\combase.dll
0x00007ffb16340000 - 0x00007ffb16416000 	C:\Windows\System32\OLEAUT32.dll
0x00007ffadd310000 - 0x00007ffadd34c000 	C:\Windows\SYSTEM32\dbgcore.DLL
0x00007ffb15b60000 - 0x00007ffb15c05000 	C:\Windows\System32\bcryptPrimitives.dll
0x00007ffb01590000 - 0x00007ffb0159f000 	c:\Users\Rakesh\.antigravity\extensions\redhat.java-1.51.0-win32-x64\jre\21.0.9-win32-x86_64\bin\instrument.dll
0x00007ffae2270000 - 0x00007ffae2290000 	c:\Users\Rakesh\.antigravity\extensions\redhat.java-1.51.0-win32-x64\jre\21.0.9-win32-x86_64\bin\java.dll
0x00007ffb17880000 - 0x00007ffb17fd3000 	C:\Windows\System32\SHELL32.dll
0x00007ffb15670000 - 0x00007ffb157da000 	C:\Windows\System32\wintypes.dll
0x00007ffb130e0000 - 0x00007ffb1393e000 	C:\Windows\SYSTEM32\windows.storage.dll
0x00007ffb17770000 - 0x00007ffb17865000 	C:\Windows\System32\SHCORE.dll
0x00007ffb17630000 - 0x00007ffb17696000 	C:\Windows\System32\shlwapi.dll
0x00007ffb15410000 - 0x00007ffb15439000 	C:\Windows\SYSTEM32\profapi.dll
0x00007ffabf490000 - 0x00007ffabf4a8000 	c:\Users\Rakesh\.antigravity\extensions\redhat.java-1.51.0-win32-x64\jre\21.0.9-win32-x86_64\bin\zip.dll
0x00007ffae9770000 - 0x00007ffae9780000 	C:\Users\Rakesh\.antigravity\extensions\redhat.java-1.51.0-win32-x64\jre\21.0.9-win32-x86_64\bin\net.dll
0x00007ffb0eaf0000 - 0x00007ffb0ec18000 	C:\Windows\SYSTEM32\WINHTTP.dll
0x00007ffb14930000 - 0x00007ffb1499b000 	C:\Windows\system32\mswsock.dll
0x00007ffabc0a0000 - 0x00007ffabc0b6000 	C:\Users\Rakesh\.antigravity\extensions\redhat.java-1.51.0-win32-x64\jre\21.0.9-win32-x86_64\bin\nio.dll
0x00007ffb01510000 - 0x00007ffb01520000 	c:\Users\Rakesh\.antigravity\extensions\redhat.java-1.51.0-win32-x64\jre\21.0.9-win32-x86_64\bin\verify.dll
0x00007ffad1270000 - 0x00007ffad12b4000 	C:\Users\Rakesh\AppData\Roaming\Antigravity\User\globalStorage\redhat.java\1.51.0\config_win\org.eclipse.equinox.launcher\org.eclipse.equinox.launcher.win32.win32.x86_64_1.2.1400.v20250801-0854\eclipse_11916.dll
0x00007ffb17ff0000 - 0x00007ffb18187000 	C:\Windows\System32\ole32.dll
0x00007ffae61f0000 - 0x00007ffae61fa000 	C:\Users\Rakesh\.antigravity\extensions\redhat.java-1.51.0-win32-x64\jre\21.0.9-win32-x86_64\bin\management.dll
0x00007ffae3270000 - 0x00007ffae327c000 	C:\Users\Rakesh\.antigravity\extensions\redhat.java-1.51.0-win32-x64\jre\21.0.9-win32-x86_64\bin\management_ext.dll
0x00007ffb17620000 - 0x00007ffb17628000 	C:\Windows\System32\PSAPI.DLL
0x00007ffb14c00000 - 0x00007ffb14c1b000 	C:\Windows\SYSTEM32\CRYPTSP.dll
0x00007ffb14320000 - 0x00007ffb1435a000 	C:\Windows\system32\rsaenh.dll
0x00007ffb149e0000 - 0x00007ffb14a0b000 	C:\Windows\SYSTEM32\USERENV.dll
0x00007ffb153e0000 - 0x00007ffb1540a000 	C:\Windows\SYSTEM32\bcrypt.dll
0x00007ffb14bf0000 - 0x00007ffb14bfc000 	C:\Windows\SYSTEM32\CRYPTBASE.dll
0x00007ffb13db0000 - 0x00007ffb13de4000 	C:\Windows\SYSTEM32\IPHLPAPI.DLL
0x00007ffb16a10000 - 0x00007ffb16a1a000 	C:\Windows\System32\NSI.dll
0x00007ffad0490000 - 0x00007ffad04d9000 	C:\Users\Rakesh\AppData\Local\Temp\jna--1854507010\jna1877468165898461276.dll
0x00007ffb0ee70000 - 0x00007ffb0ee8e000 	C:\Windows\SYSTEM32\dhcpcsvc6.DLL
0x00007ffb0ee30000 - 0x00007ffb0ee53000 	C:\Windows\SYSTEM32\dhcpcsvc.DLL
0x00007ffad09c0000 - 0x00007ffad09ce000 	C:\Users\Rakesh\.antigravity\extensions\redhat.java-1.51.0-win32-x64\jre\21.0.9-win32-x86_64\bin\sunmscapi.dll
0x00007ffb157e0000 - 0x00007ffb15957000 	C:\Windows\System32\CRYPT32.dll
0x00007ffb14e10000 - 0x00007ffb14e40000 	C:\Windows\SYSTEM32\ncrypt.dll
0x00007ffb14dc0000 - 0x00007ffb14dff000 	C:\Windows\SYSTEM32\NTASN1.dll
0x00007ffb13df0000 - 0x00007ffb13f1c000 	C:\Windows\SYSTEM32\DNSAPI.dll
0x00007ffb0d0a0000 - 0x00007ffb0d0ab000 	C:\Windows\System32\rasadhlp.dll
0x00007ffb0f2c0000 - 0x00007ffb0f346000 	C:\Windows\System32\fwpuclnt.dll
0x00007ffabf480000 - 0x00007ffabf489000 	C:\Users\Rakesh\.antigravity\extensions\redhat.java-1.51.0-win32-x64\jre\21.0.9-win32-x86_64\bin\extnet.dll

JVMTI agents:
c:\Users\Rakesh\.antigravity\extensions\redhat.java-1.51.0-win32-x64\lombok\lombok-1.18.39-4050.jar path:c:\Users\Rakesh\.antigravity\extensions\redhat.java-1.51.0-win32-x64\jre\21.0.9-win32-x86_64\bin\instrument.dll, loaded, initialized, instrumentlib options:none

dbghelp: loaded successfully - version: 4.0.5 - missing functions: none
symbol engine: initialized successfully - sym options: 0x614 - pdb path: .;c:\Users\Rakesh\.antigravity\extensions\redhat.java-1.51.0-win32-x64\jre\21.0.9-win32-x86_64\bin;C:\Windows\SYSTEM32;C:\Windows\WinSxS\amd64_microsoft.windows.common-controls_6595b64144ccf1df_6.0.26100.7309_none_3e05feeae336a044;c:\Users\Rakesh\.antigravity\extensions\redhat.java-1.51.0-win32-x64\jre\21.0.9-win32-x86_64\bin\server;C:\Users\Rakesh\AppData\Roaming\Antigravity\User\globalStorage\redhat.java\1.51.0\config_win\org.eclipse.equinox.launcher\org.eclipse.equinox.launcher.win32.win32.x86_64_1.2.1400.v20250801-0854;C:\Users\Rakesh\AppData\Local\Temp\jna--1854507010

VM Arguments:
jvm_args: --add-modules=ALL-SYSTEM --add-opens=java.base/java.util=ALL-UNNAMED --add-opens=java.base/java.lang=ALL-UNNAMED --add-opens=java.base/sun.nio.fs=ALL-UNNAMED -Declipse.application=org.eclipse.jdt.ls.core.id1 -Dosgi.bundles.defaultStartLevel=4 -Declipse.product=org.eclipse.jdt.ls.core.product -Djava.import.generatesMetadataFilesAtProjectRoot=false -DDetectVMInstallationsJob.disabled=true -Dfile.encoding=utf8 -XX:+UseParallelGC -XX:GCTimeRatio=4 -XX:AdaptiveSizePolicyWeight=90 -Dsun.zip.disableMemoryMapping=true -Xmx2G -Xms100m -Xlog:disable -javaagent:c:\Users\Rakesh\.antigravity\extensions\redhat.java-1.51.0-win32-x64\lombok\lombok-1.18.39-4050.jar -XX:+HeapDumpOnOutOfMemoryError -XX:HeapDumpPath=c:\Users\Rakesh\AppData\Roaming\Antigravity\User\workspaceStorage\77720677bbb9ed3629d86e9bacb9b2db\redhat.java -Daether.dependencyCollector.impl=bf 
java_command: c:\Users\Rakesh\.antigravity\extensions\redhat.java-1.51.0-win32-x64\server\plugins\org.eclipse.equinox.launcher_1.7.100.v20251111-0406.jar -configuration c:\Users\Rakesh\AppData\Roaming\Antigravity\User\globalStorage\redhat.java\1.51.0\config_win -data c:\Users\Rakesh\AppData\Roaming\Antigravity\User\workspaceStorage\77720677bbb9ed3629d86e9bacb9b2db\redhat.java\jdt_ws --pipe=\\.\pipe\lsp-924bbe37a856bceef6ae5808096d5b76-sock
java_class_path (initial): c:\Users\Rakesh\.antigravity\extensions\redhat.java-1.51.0-win32-x64\server\plugins\org.eclipse.equinox.launcher_1.7.100.v20251111-0406.jar
Launcher Type: SUN_STANDARD

[Global flags]
    uintx AdaptiveSizePolicyWeight                 = 90                                        {product} {command line}
     intx CICompilerCount                          = 12                                        {product} {ergonomic}
    uintx GCTimeRatio                              = 4                                         {product} {command line}
     bool HeapDumpOnOutOfMemoryError               = true                                   {manageable} {command line}
    ccstr HeapDumpPath                             = c:\Users\Rakesh\AppData\Roaming\Antigravity\User\workspaceStorage\77720677bbb9ed3629d86e9bacb9b2db\redhat.java         {manageable} {command line}
   size_t InitialHeapSize                          = 104857600                                 {product} {command line}
   size_t MaxHeapSize                              = 2147483648                                {product} {command line}
   size_t MaxNewSize                               = 715653120                                 {product} {ergonomic}
   size_t MinHeapDeltaBytes                        = 524288                                    {product} {ergonomic}
   size_t MinHeapSize                              = 104857600                                 {product} {command line}
   size_t NewSize                                  = 34603008                                  {product} {ergonomic}
    uintx NonNMethodCodeHeapSize                   = 7602480                                {pd product} {ergonomic}
    uintx NonProfiledCodeHeapSize                  = 122027880                              {pd product} {ergonomic}
   size_t OldSize                                  = 70254592                                  {product} {ergonomic}
    uintx ProfiledCodeHeapSize                     = 122027880                              {pd product} {ergonomic}
    uintx ReservedCodeCacheSize                    = 251658240                              {pd product} {ergonomic}
     bool SegmentedCodeCache                       = true                                      {product} {ergonomic}
   size_t SoftMaxHeapSize                          = 2147483648                             {manageable} {ergonomic}
     bool UseCompressedOops                        = true                           {product lp64_product} {ergonomic}
     bool UseLargePagesIndividualAllocation        = false                                  {pd product} {ergonomic}
     bool UseParallelGC                            = true                                      {product} {command line}

Logging:
Log output configuration:
 #0: stdout all=off uptime,level,tags foldmultilines=false
 #1: stderr all=off uptime,level,tags foldmultilines=false

Release file:
JAVA_VERSION="21.0.9" 
MODULES="java.base java.compiler java.datatransfer java.xml java.prefs java.desktop java.instrument java.logging java.management java.security.sasl java.naming java.rmi java.management.rmi java.net.http java.scripting java.security.jgss java.transaction.xa java.sql java.sql.rowset java.xml.crypto java.se java.smartcardio jdk.accessibility jdk.internal.jvmstat jdk.attach jdk.charsets jdk.internal.opt jdk.zipfs jdk.compiler jdk.crypto.ec jdk.crypto.cryptoki jdk.crypto.mscapi jdk.dynalink jdk.internal.ed jdk.editpad jdk.hotspot.agent jdk.httpserver jdk.internal.le jdk.internal.vm.ci jdk.internal.vm.compiler jdk.internal.vm.compiler.management jdk.jartool jdk.javadoc jdk.jcmd jdk.management jdk.management.agent jdk.jconsole jdk.jdeps jdk.jdwp.agent jdk.jdi jdk.jfr jdk.jshell jdk.jsobject jdk.jstatd jdk.localedata jdk.management.jfr jdk.naming.dns jdk.naming.rmi jdk.net jdk.nio.mapmode jdk.random jdk.sctp jdk.security.auth jdk.security.jgss jdk.unsupported jdk.unsupported.desktop jdk.xml.dom" 

Environment Variables:
PATH=C:\Program Files (x86)\Common Files\Oracle\Java\java8path;C:\Program Files (x86)\Common Files\Oracle\Java\javapath;C:\Users\Rakesh\AppData\Roaming\npm;C:\Python313\Scripts\;C:\Python313\;C:\Windows\system32;C:\Windows;C:\Windows\System32\Wbem;C:\Windows\System32\WindowsPowerShell\v1.0\;C:\Windows\System32\OpenSSH\;C:\Program Files (x86)\NVIDIA Corporation\PhysX\Common;C:\Program Files\dotnet\;C:\ProgramData\chocolatey\bin;C:\Program Files\Git\cmd;C:\Program Files\NVIDIA Corporation\NVIDIA App\NvDLISR;C:\Program Files\nodejs\;C:\Users\Rakesh\AppData\Local\Android\platform-tools;C:\MinGW\bin;C:\Users\Rakesh\AppData\Local\Android\Sdk\platform-tools;C:\Users\Rakesh\AppData\Local\Android\Sdk\tools;C:\Program Files (x86)\Common Files\Oracle\Java\javapath;C:\Program Files\Microsoft\jdk-17.0.16.8-hotspot\bin;C:\Python313\Scripts\;C:\Python313\;C:\Windows\system32;C:\Windows;C:\Windows\System32\Wbem;C:\Windows\System32\WindowsPowerShell\v1.0\;C:\Windows\System32\OpenSSH\;C:\Program Files (x86)\NVIDIA Corporation\PhysX\Common;C:\Program Files\dotnet\;C:\ProgramData\chocolatey\bin;C:\Program Files\Git\cmd;C:\Program Files\NVIDIA Corporation\NVIDIA App\NvDLISR;C:\Program Files\Docker\Docker\resources\bin;C:\Program Files\nodejs\;C:\Users\Rakesh\AppData\Local\Android\platform-tools;C:\Users\Rakesh\AppData\Local\Programs\Python\Python311\Scripts\;C:\Users\Rakesh\AppData\Local\Programs\Python\Python311\;c:\Users\Rakesh\AppData\Local\Programs\cursor\resources\app\codeBin;C:\Program Files (x86)\GoAnime\bin;C:\Python313\Scripts\;C:\Python313\;C:\Windows\system32;C:\Windows;C:\Windows\System32\Wbem;C:\Windows\Sy;C:\Users\Rakesh\AppData\Local\Programs\Antigravity\bin;C:\flutter\bin;C:\Users\Rakesh\AppData\Local\Programs\Microsoft VS Code\bin;C:\ProgramData\Rakesh\GitHubDesktop\bin;C:\Users\Rakesh\AppData\Local\Programs\Windsurf\bin;C:\Users\Rakesh\AppData\Local\Programs\Zed\bin
USERNAME=Rakesh
OS=Windows_NT
PROCESSOR_IDENTIFIER=AMD64 Family 25 Model 68 Stepping 1, AuthenticAMD
TMP=C:\Users\Rakesh\AppData\Local\Temp
TEMP=C:\Users\Rakesh\AppData\Local\Temp




Periodic native trim disabled

---------------  S Y S T E M  ---------------

OS:
 Windows 11 , 64 bit Build 26100 (10.0.26100.7623)
OS uptime: 0 days 0:18 hours
Hyper-V role detected

CPU: total 16 (initial active 16) (16 cores per cpu, 2 threads per core) family 25 model 68 stepping 1 microcode 0xa404107, cx8, cmov, fxsr, ht, mmx, 3dnowpref, sse, sse2, sse3, ssse3, sse4a, sse4.1, sse4.2, popcnt, lzcnt, tsc, tscinvbit, avx, avx2, aes, erms, clmul, bmi1, bmi2, adx, sha, fma, vzeroupper, clflush, clflushopt, hv, rdtscp, rdpid, fsrm, f16c, cet_ss
Processor Information for the first 16 processors :
  Max Mhz: 3100, Current Mhz: 3100, Mhz Limit: 3100

Memory: 4k page, system-wide physical 16202M (4541M free)
TotalPageFile size 16202M (AvailPageFile size 66M)
current process WorkingSet (physical memory assigned to process): 256M, peak: 261M
current process commit charge ("private bytes"): 390M, peak: 394M

vm_info: OpenJDK 64-Bit Server VM (21.0.9+10-LTS) for windows-amd64 JRE (21.0.9+10-LTS), built on 2025-10-21T00:00:00Z by "admin" with unknown MS VC++:1942

END.
